Component: ARM Compiler 5.06 update 7 (build 960) Tool: armlink [4d3601]

==============================================================================

Section Cross References

    startup_stm32f100xb.o(RESET) refers to startup_stm32f100xb.o(STACK) for __initial_sp
    startup_stm32f100xb.o(RESET) refers to startup_stm32f100xb.o(.text) for Reset_Handler
    startup_stm32f100xb.o(RESET) refers to stm32f1xx_it.o(i.NMI_Handler) for NMI_Handler
    startup_stm32f100xb.o(RESET) refers to stm32f1xx_it.o(i.HardFault_Handler) for HardFault_Handler
    startup_stm32f100xb.o(RESET) refers to stm32f1xx_it.o(i.MemManage_Handler) for MemManage_Handler
    startup_stm32f100xb.o(RESET) refers to stm32f1xx_it.o(i.BusFault_Handler) for BusFault_Handler
    startup_stm32f100xb.o(RESET) refers to stm32f1xx_it.o(i.UsageFault_Handler) for UsageFault_Handler
    startup_stm32f100xb.o(RESET) refers to port.o(.emb_text) for SVC_Handler
    startup_stm32f100xb.o(RESET) refers to stm32f1xx_it.o(i.DebugMon_Handler) for DebugMon_Handler
    startup_stm32f100xb.o(RESET) refers to delay.o(i.SysTick_Handler) for SysTick_Handler
    startup_stm32f100xb.o(RESET) refers to adc.o(i.DMA1_Channel1_IRQHandler) for DMA1_Channel1_IRQHandler
    startup_stm32f100xb.o(RESET) refers to rs485.o(i.USART1_IRQHandler) for USART1_IRQHandler
    startup_stm32f100xb.o(.text) refers to system_stm32f1xx.o(i.SystemInit) for SystemInit
    startup_stm32f100xb.o(.text) refers to entry.o(.ARM.Collect$$$$00000000) for __main
    main.o(i.main) refers to stm32f1xx_hal.o(i.HAL_Init) for HAL_Init
    main.o(i.main) refers to sys.o(i.sys_stm32_clock_init) for sys_stm32_clock_init
    main.o(i.main) refers to delay.o(i.delay_init) for delay_init
    main.o(i.main) refers to malloc.o(i.my_mem_init) for my_mem_init
    main.o(i.main) refers to led.o(i.led_init) for led_init
    main.o(i.main) refers to freertos_demo.o(i.freertos_demo) for freertos_demo
    system_stm32f1xx.o(i.SystemCoreClockUpdate) refers to system_stm32f1xx.o(.data) for SystemCoreClock
    system_stm32f1xx.o(i.SystemCoreClockUpdate) refers to system_stm32f1xx.o(.constdata) for AHBPrescTable
    freertos_demo.o(i.Cycles_to_us) refers to system_stm32f1xx.o(.data) for SystemCoreClock
    freertos_demo.o(i.freertos_demo) refers to can.o(i.can_init) for can_init
    freertos_demo.o(i.freertos_demo) refers to rs485.o(i.rs485_init) for rs485_init
    freertos_demo.o(i.freertos_demo) refers to adc.o(i.time_init) for time_init
    freertos_demo.o(i.freertos_demo) refers to oled.o(i.oled_init) for oled_init
    freertos_demo.o(i.freertos_demo) refers to oled_1.o(i.oled1_init) for oled1_init
    freertos_demo.o(i.freertos_demo) refers to adc.o(i.adc_nch_dma_init) for adc_nch_dma_init
    freertos_demo.o(i.freertos_demo) refers to oled.o(i.OLED_ShowChinese) for OLED_ShowChinese
    freertos_demo.o(i.freertos_demo) refers to oled.o(i.oled_show_char) for oled_show_char
    freertos_demo.o(i.freertos_demo) refers to oled.o(i.oled_show_string) for oled_show_string
    freertos_demo.o(i.freertos_demo) refers to oled.o(i.oled_refresh_gram) for oled_refresh_gram
    freertos_demo.o(i.freertos_demo) refers to oled_1.o(i.oled1_ShowChinese) for oled1_ShowChinese
    freertos_demo.o(i.freertos_demo) refers to oled_1.o(i.oled1_show_char) for oled1_show_char
    freertos_demo.o(i.freertos_demo) refers to oled_1.o(i.oled1_show_string) for oled1_show_string
    freertos_demo.o(i.freertos_demo) refers to oled_1.o(i.oled1_refresh_gram) for oled1_refresh_gram
    freertos_demo.o(i.freertos_demo) refers to tasks.o(i.xTaskCreate) for xTaskCreate
    freertos_demo.o(i.freertos_demo) refers to tasks.o(i.vTaskStartScheduler) for vTaskStartScheduler
    freertos_demo.o(i.freertos_demo) refers to freertos_demo.o(.bss) for g_adc_dma_buf
    freertos_demo.o(i.freertos_demo) refers to freertos_demo.o(.data) for StartTask_Handler
    freertos_demo.o(i.freertos_demo) refers to freertos_demo.o(i.start_task) for start_task
    freertos_demo.o(i.rs485_test) refers to stm32f1xx_hal.o(i.HAL_GetTick) for HAL_GetTick
    freertos_demo.o(i.rs485_test) refers to rs485.o(i.rs485_send_data) for rs485_send_data
    freertos_demo.o(i.rs485_test) refers to rs485.o(i.rs485_receive_data) for rs485_receive_data
    freertos_demo.o(i.rs485_test) refers to delay.o(i.delay_us) for delay_us
    freertos_demo.o(i.rs485_test) refers to freertos_demo.o(i.Crc_Count) for Crc_Count
    freertos_demo.o(i.start_task) refers to port.o(i.vPortEnterCritical) for vPortEnterCritical
    freertos_demo.o(i.start_task) refers to tasks.o(i.xTaskCreate) for xTaskCreate
    freertos_demo.o(i.start_task) refers to tasks.o(i.vTaskDelete) for vTaskDelete
    freertos_demo.o(i.start_task) refers to port.o(i.vPortExitCritical) for vPortExitCritical
    freertos_demo.o(i.start_task) refers to freertos_demo.o(.data) for Task1Task_Handler
    freertos_demo.o(i.start_task) refers to freertos_demo.o(i.task1) for task1
[...]
    i.iic_delay                              0x08003444   Section        0  myiic.o(i.iic_delay)
    iic_delay                                0x08003445   Thumb Code    10  myiic.o(i.iic_delay)
    i.iic_init                               0x08003450   Section        0  myiic.o(i.iic_init)
    i.iic_send_byte                          0x080034c8   Section        0  myiic.o(i.iic_send_byte)
    i.iic_start                              0x08003534   Section        0  myiic.o(i.iic_start)
    i.iic_stop                               0x08003580   Section        0  myiic.o(i.iic_stop)
    i.iic_wait_ack                           0x080035c0   Section        0  myiic.o(i.iic_wait_ack)
    i.led_init                               0x08003624   Section        0  led.o(i.led_init)
    i.main                                   0x080036b0   Section        0  main.o(i.main)
    i.my_mem_init                            0x080036d8   Section        0  malloc.o(i.my_mem_init)
    i.my_mem_perused                         0x08003708   Section        0  malloc.o(i.my_mem_perused)
    i.my_mem_set                             0x08003748   Section        0  malloc.o(i.my_mem_set)
    i.oled1_ShowChinese                      0x0800375c   Section        0  oled_1.o(i.oled1_ShowChinese)
    i.oled1_clear                            0x08003828   Section        0  oled_1.o(i.oled1_clear)
    i.oled1_draw_point                       0x08003858   Section        0  oled_1.o(i.oled1_draw_point)
    i.oled1_init                             0x080038b8   Section        0  oled_1.o(i.oled1_init)
    i.oled1_part_refresh_gram                0x08003994   Section        0  oled_1.o(i.oled1_part_refresh_gram)
    i.oled1_pow                              0x08003a54   Section        0  oled_1.o(i.oled1_pow)
    oled1_pow                                0x08003a55   Thumb Code    22  oled_1.o(i.oled1_pow)
    i.oled1_refresh_gram                     0x08003a6c   Section        0  oled_1.o(i.oled1_refresh_gram)
    i.oled1_show_char                        0x08003ab8   Section        0  oled_1.o(i.oled1_show_char)
    i.oled1_show_num                         0x08003bd0   Section        0  oled_1.o(i.oled1_show_num)
    i.oled1_show_string                      0x08003c88   Section        0  oled_1.o(i.oled1_show_string)
    i.oled1_wr_byte                          0x08003ce6   Section        0  oled_1.o(i.oled1_wr_byte)
    oled1_wr_byte                            0x08003ce7   Thumb Code    56  oled_1.o(i.oled1_wr_byte)
    i.oled_clear                             0x08003d20   Section        0  oled.o(i.oled_clear)
    i.oled_draw_point                        0x08003d50   Section        0  oled.o(i.oled_draw_point)
    i.oled_init                              0x08003db0   Section        0  oled.o(i.oled_init)
    i.oled_part_refresh_gram                 0x08003e98   Section        0  oled.o(i.oled_part_refresh_gram)
    i.oled_pow                               0x08003f58   Section        0  oled.o(i.oled_pow)
    oled_pow                                 0x08003f59   Thumb Code    22  oled.o(i.oled_pow)
    i.oled_refresh_gram                      0x08003f70   Section        0  oled.o(i.oled_refresh_gram)
    i.oled_show_char                         0x08003fbc   Section        0  oled.o(i.oled_show_char)
    i.oled_show_num                          0x080040d4   Section        0  oled.o(i.oled_show_num)
    i.oled_show_string                       0x0800418c   Section        0  oled.o(i.oled_show_string)
    i.oled_wr_byte                           0x080041ea   Section        0  oled.o(i.oled_wr_byte)
    oled_wr_byte                             0x080041eb   Thumb Code    56  oled.o(i.oled_wr_byte)
    i.prvAddCurrentTaskToDelayedList         0x08004224   Section        0  tasks.o(i.prvAddCurrentTaskToDelayedList)
    prvAddCurrentTaskToDelayedList           0x08004225   Thumb Code   174  tasks.o(i.prvAddCurrentTaskToDelayedList)
    i.prvAddNewTaskToReadyList               0x080042f0   Section        0  tasks.o(i.prvAddNewTaskToReadyList)
    prvAddNewTaskToReadyList                 0x080042f1   Thumb Code   206  tasks.o(i.prvAddNewTaskToReadyList)
    i.prvCheckForValidListAndQueue           0x080043dc   Section        0  timers.o(i.prvCheckForValidListAndQueue)
    prvCheckForValidListAndQueue             0x080043dd   Thumb Code    72  timers.o(i.prvCheckForValidListAndQueue)
    i.prvCheckTasksWaitingTermination        0x08004440   Section        0  tasks.o(i.prvCheckTasksWaitingTermination)
    prvCheckTasksWaitingTermination          0x08004441   Thumb Code    60  tasks.o(i.prvCheckTasksWaitingTermination)
    i.prvCopyDataFromQueue                   0x08004488   Section        0  queue.o(i.prvCopyDataFromQueue)
    prvCopyDataFromQueue                     0x08004489   Thumb Code    42  queue.o(i.prvCopyDataFromQueue)
    i.prvCopyDataToQueue                     0x080044b2   Section        0  queue.o(i.prvCopyDataToQueue)
    prvCopyDataToQueue                       0x080044b3   Thumb Code   126  queue.o(i.prvCopyDataToQueue)
    i.prvDeleteTCB                           0x08004530   Section        0  tasks.o(i.prvDeleteTCB)
    prvDeleteTCB                             0x08004531   Thumb Code    18  tasks.o(i.prvDeleteTCB)
    i.prvGetNextExpireTime                   0x08004544   Section        0  timers.o(i.prvGetNextExpireTime)
    prvGetNextExpireTime                     0x08004545   Thumb Code    36  timers.o(i.prvGetNextExpireTime)
    i.prvHeapInit                            0x0800456c   Section        0  heap_4.o(i.prvHeapInit)
    prvHeapInit                              0x0800456d   Thumb Code    98  heap_4.o(i.prvHeapInit)
    i.prvIdleTask                            0x080045e8   Section        0  tasks.o(i.prvIdleTask)
    prvIdleTask                              0x080045e9   Thumb Code    32  tasks.o(i.prvIdleTask)
    i.prvInitialiseNewQueue                  0x08004610   Section        0  queue.o(i.prvInitialiseNewQueue)
    prvInitialiseNewQueue                    0x08004611   Thumb Code    46  queue.o(i.prvInitialiseNewQueue)
    i.prvInitialiseNewTask                   0x08004640   Section        0  tasks.o(i.prvInitialiseNewTask)
    prvInitialiseNewTask                     0x08004641   Thumb Code   208  tasks.o(i.prvInitialiseNewTask)
    i.prvInitialiseTaskLists                 0x08004744   Section        0  tasks.o(i.prvInitialiseTaskLists)
    prvInitialiseTaskLists                   0x08004745   Thumb Code    70  tasks.o(i.prvInitialiseTaskLists)
    i.prvInsertBlockIntoFreeList             0x080047ac   Section        0  heap_4.o(i.prvInsertBlockIntoFreeList)
    prvInsertBlockIntoFreeList               0x080047ad   Thumb Code    96  heap_4.o(i.prvInsertBlockIntoFreeList)
    i.prvInsertTimerInActiveList             0x08004814   Section        0  timers.o(i.prvInsertTimerInActiveList)
    prvInsertTimerInActiveList               0x08004815   Thumb Code    80  timers.o(i.prvInsertTimerInActiveList)
    i.prvIsQueueEmpty                        0x0800486c   Section        0  queue.o(i.prvIsQueueEmpty)
    prvIsQueueEmpty                          0x0800486d   Thumb Code    26  queue.o(i.prvIsQueueEmpty)
    i.prvNotifyQueueSetContainer             0x08004888   Section        0  queue.o(i.prvNotifyQueueSetContainer)
    prvNotifyQueueSetContainer               0x08004889   Thumb Code   142  queue.o(i.prvNotifyQueueSetContainer)
    i.prvProcessExpiredTimer                 0x0800494c   Section        0  timers.o(i.prvProcessExpiredTimer)
    prvProcessExpiredTimer                   0x0800494d   Thumb Code    62  timers.o(i.prvProcessExpiredTimer)
    i.prvProcessReceivedCommands             0x08004990   Section        0  timers.o(i.prvProcessReceivedCommands)
    prvProcessReceivedCommands               0x08004991   Thumb Code   306  timers.o(i.prvProcessReceivedCommands)
    i.prvProcessTimerOrBlockTask             0x08004afc   Section        0  timers.o(i.prvProcessTimerOrBlockTask)
    prvProcessTimerOrBlockTask               0x08004afd   Thumb Code   102  timers.o(i.prvProcessTimerOrBlockTask)
    i.prvReloadTimer                         0x08004b70   Section        0  timers.o(i.prvReloadTimer)
    prvReloadTimer                           0x08004b71   Thumb Code    40  timers.o(i.prvReloadTimer)
    i.prvResetNextTaskUnblockTime            0x08004b98   Section        0  tasks.o(i.prvResetNextTaskUnblockTime)
    prvResetNextTaskUnblockTime              0x08004b99   Thumb Code    40  tasks.o(i.prvResetNextTaskUnblockTime)
    i.prvSampleTimeNow                       0x08004bc8   Section        0  timers.o(i.prvSampleTimeNow)
    prvSampleTimeNow                         0x08004bc9   Thumb Code    40  timers.o(i.prvSampleTimeNow)
    i.prvSwitchTimerLists                    0x08004bf4   Section        0  timers.o(i.prvSwitchTimerLists)
    prvSwitchTimerLists                      0x08004bf5   Thumb Code    58  timers.o(i.prvSwitchTimerLists)
    i.prvTaskExitError                       0x08004c38   Section        0  port.o(i.prvTaskExitError)
    prvTaskExitError                         0x08004c39   Thumb Code    48  port.o(i.prvTaskExitError)
    i.prvTimerTask                           0x08004cb4   Section        0  timers.o(i.prvTimerTask)
    prvTimerTask                             0x08004cb5   Thumb Code    26  timers.o(i.prvTimerTask)
    i.prvUnlockQueue                         0x08004cce   Section        0  queue.o(i.prvUnlockQueue)
    prvUnlockQueue                           0x08004ccf   Thumb Code   144  queue.o(i.prvUnlockQueue)
    i.pvPortMalloc                           0x08004d60   Section        0  heap_4.o(i.pvPortMalloc)
    i.pxPortInitialiseStack                  0x08004ef4   Section        0  port.o(i.pxPortInitialiseStack)
    i.rs485_init                             0x08004f18   Section        0  rs485.o(i.rs485_init)
    i.rs485_receive_data                     0x0800503c   Section        0  rs485.o(i.rs485_receive_data)
    i.rs485_send_data                        0x08005080   Section        0  rs485.o(i.rs485_send_data)
    i.rs485_test                             0x080050c8   Section        0  freertos_demo.o(i.rs485_test)
    i.start_task                             0x0800526c   Section        0  freertos_demo.o(i.start_task)
    i.sys_stm32_clock_init                   0x080052f4   Section        0  sys.o(i.sys_stm32_clock_init)
    i.task1                                  0x0800534c   Section        0  freertos_demo.o(i.task1)
    i.task2                                  0x080058c4   Section        0  freertos_demo.o(i.task2)
    i.task3                                  0x08005948   Section        0  freertos_demo.o(i.task3)
    i.time_init                              0x08005978   Section        0  adc.o(i.time_init)
    i.uxListRemove                           0x080059c8   Section        0  list.o(i.uxListRemove)
    i.vListInitialise                        0x080059f0   Section        0  list.o(i.vListInitialise)
    i.vListInitialiseItem                    0x08005a0a   Section        0  list.o(i.vListInitialiseItem)
    i.vListInsert                            0x08005a10   Section        0  list.o(i.vListInsert)
    i.vListInsertEnd                         0x08005a44   Section        0  list.o(i.vListInsertEnd)
    i.vPortEnterCritical                     0x08005a5c   Section        0  port.o(i.vPortEnterCritical)
    i.vPortExitCritical                      0x08005af0   Section        0  port.o(i.vPortExitCritical)
    i.vPortFree                              0x08005b6c   Section        0  heap_4.o(i.vPortFree)
    i.vPortSetupTimerInterrupt               0x08005c44   Section        0  port.o(i.vPortSetupTimerInterrupt)
    i.vQueueAddToRegistry                    0x08005c70   Section        0  queue.o(i.vQueueAddToRegistry)
    i.vQueueWaitForMessageRestricted         0x08005cfc   Section        0  queue.o(i.vQueueWaitForMessageRestricted)
    i.vTaskDelay                             0x08005d48   Section        0  tasks.o(i.vTaskDelay)
    i.vTaskDelete                            0x08005dcc   Section        0  tasks.o(i.vTaskDelete)
    i.vTaskInternalSetTimeOutState           0x08005ef0   Section        0  tasks.o(i.vTaskInternalSetTimeOutState)
    i.vTaskMissedYield                       0x08005f08   Section        0  tasks.o(i.vTaskMissedYield)
    i.vTaskPlaceOnEventList                  0x08005f14   Section        0  tasks.o(i.vTaskPlaceOnEventList)
    i.vTaskPlaceOnEventListRestricted        0x08005f78   Section        0  tasks.o(i.vTaskPlaceOnEventListRestricted)
    i.vTaskStartScheduler                    0x08006004   Section        0  tasks.o(i.vTaskStartScheduler)
    i.vTaskSuspendAll                        0x080060c8   Section        0  tasks.o(i.vTaskSuspendAll)
    i.vTaskSwitchContext                     0x080060d8   Section        0  tasks.o(i.vTaskSwitchContext)
    i.xPortStartScheduler                    0x08006190   Section        0  port.o(i.xPortStartScheduler)
    i.xPortSysTickHandler                    0x080062dc   Section        0  port.o(i.xPortSysTickHandler)
    i.xQueueGenericCreate                    0x08006310   Section        0  queue.o(i.xQueueGenericCreate)
    i.xQueueGenericReset                     0x080063a0   Section        0  queue.o(i.xQueueGenericReset)
    i.xQueueReceive                          0x0800649c   Section        0  queue.o(i.xQueueReceive)
    i.xTaskCheckForTimeOut                   0x0800661c   Section        0  tasks.o(i.xTaskCheckForTimeOut)
    i.xTaskCreate                            0x080066e8   Section        0  tasks.o(i.xTaskCreate)
    i.xTaskGetSchedulerState                 0x08006748   Section        0  tasks.o(i.xTaskGetSchedulerState)
    i.xTaskGetTickCount                      0x08006768   Section        0  tasks.o(i.xTaskGetTickCount)
    i.xTaskIncrementTick                     0x08006774   Section        0  tasks.o(i.xTaskIncrementTick)
    i.xTaskPriorityDisinherit                0x0800695c   Section        0  tasks.o(i.xTaskPriorityDisinherit)
    i.xTaskRemoveFromEventList               0x08006a6c   Section        0  tasks.o(i.xTaskRemoveFromEventList)
    i.xTaskResumeAll                         0x08006bb8   Section        0  tasks.o(i.xTaskResumeAll)
    i.xTimerCreateTimerTask                  0x08006d58   Section        0  timers.o(i.xTimerCreateTimerTask)
    .constdata                               0x08006dd8   Section       24  system_stm32f1xx.o(.constdata)
    .constdata                               0x08006df0   Section       10  freertos_demo.o(.constdata)
    .constdata                               0x08006dfa   Section     6080  oled.o(.constdata)
    .constdata                               0x080085ba   Section     6080  oled_1.o(.constdata)
    .constdata                               0x08009d7c   Section       12  malloc.o(.constdata)
    .data                                    0x20000000   Section        4  system_stm32f1xx.o(.data)
    .data                                    0x20000004   Section       20  freertos_demo.o(.data)
    .data                                    0x20000018   Section        2  delay.o(.data)
    g_fac_us                                 0x20000018   Data           2  delay.o(.data)
    .data                                    0x2000001c   Section        9  stm32f1xx_hal.o(.data)
    .data                                    0x20000025   Section        1  adc.o(.data)
    .data                                    0x20000026   Section        8  can.o(.data)
    .data                                    0x2000002e   Section      408  oled.o(.data)
    .data                                    0x200001c6   Section      408  oled_1.o(.data)
    .data                                    0x2000035e   Section        1  rs485.o(.data)
    .data                                    0x20000360   Section       20  malloc.o(.data)
    .data                                    0x20000374   Section       64  tasks.o(.data)
    pxDelayedTaskList                        0x20000378   Data           4  tasks.o(.data)
    pxOverflowDelayedTaskList                0x2000037c   Data           4  tasks.o(.data)
    uxDeletedTasksWaitingCleanUp             0x20000380   Data           4  tasks.o(.data)
    uxCurrentNumberOfTasks                   0x20000384   Data           4  tasks.o(.data)
    xTickCount                               0x20000388   Data           4  tasks.o(.data)
    uxTopReadyPriority                       0x2000038c   Data           4  tasks.o(.data)
    xSchedulerRunning                        0x20000390   Data           4  tasks.o(.data)
    xPendedTicks                             0x20000394   Data           4  tasks.o(.data)
    xYieldPending                            0x20000398   Data           4  tasks.o(.data)
    xNumOfOverflows                          0x2000039c   Data           4  tasks.o(.data)
    uxTaskNumber                             0x200003a0   Data           4  tasks.o(.data)
    xNextTaskUnblockTime                     0x200003a4   Data           4  tasks.o(.data)
    xIdleTaskHandle                          0x200003a8   Data           4  tasks.o(.data)
    uxSchedulerSuspended                     0x200003b0   Data           4  tasks.o(.data)
    .data                                    0x200003b4   Section       20  timers.o(.data)
    pxCurrentTimerList                       0x200003b4   Data           4  timers.o(.data)
    pxOverflowTimerList                      0x200003b8   Data           4  timers.o(.data)
    xTimerQueue                              0x200003bc   Data           4  timers.o(.data)
    xTimerTaskHandle                         0x200003c0   Data           4  timers.o(.data)
    xLastTime                                0x200003c4   Data           4  timers.o(.data)
    .data                                    0x200003c8   Section       32  heap_4.o(.data)
    xStart                                   0x200003c8   Data           8  heap_4.o(.data)
    pxEnd                                    0x200003d0   Data           4  heap_4.o(.data)
    xFreeBytesRemaining                      0x200003d4   Data           4  heap_4.o(.data)
    xMinimumEverFreeBytesRemaining           0x200003d8   Data           4  heap_4.o(.data)
    xNumberOfSuccessfulAllocations           0x200003dc   Data           4  heap_4.o(.data)
    xNumberOfSuccessfulFrees                 0x200003e0   Data           4  heap_4.o(.data)
    xBlockAllocatedBit                       0x200003e4   Data           4  heap_4.o(.data)
    .data                                    0x200003e8   Section       12  port.o(.data)
    uxCriticalNesting                        0x200003e8   Data           4  port.o(.data)
    ucMaxSysCallPriority                     0x200003ec   Data           1  port.o(.data)
    ulMaxPRIGROUPValue                       0x200003f0   Data           4  port.o(.data)
    .data                                    0x200003f4   Section        4  stdout.o(.data)
    .bss                                     0x200003f8   Section       80  freertos_demo.o(.bss)
    .bss                                     0x20000448   Section      280  adc.o(.bss)
    .bss                                     0x20000560   Section       92  can.o(.bss)
    .bss                                     0x200005bc   Section     2048  oled.o(.bss)
    g_oled_gram                              0x200005bc   Data        1024  oled.o(.bss)
    shadow_gram                              0x200009bc   Data        1024  oled.o(.bss)
    .bss                                     0x20000dbc   Section     2048  oled_1.o(.bss)
    g_oled1_gram                             0x20000dbc   Data        1024  oled_1.o(.bss)
    shadow1_gram                             0x200011bc   Data        1024  oled_1.o(.bss)
    .bss                                     0x200015bc   Section      128  rs485.o(.bss)
    .bss                                     0x20001640   Section     3264  malloc.o(.bss)
    mem1base                                 0x20001640   Data        3072  malloc.o(.bss)
    mem1mapbase                              0x20002240   Data         192  malloc.o(.bss)
    .bss                                     0x20002300   Section       64  queue.o(.bss)
    .bss                                     0x20002340   Section      740  tasks.o(.bss)
    pxReadyTasksLists                        0x20002340   Data         640  tasks.o(.bss)
    xDelayedTaskList1                        0x200025c0   Data          20  tasks.o(.bss)
    xDelayedTaskList2                        0x200025d4   Data          20  tasks.o(.bss)
    xPendingReadyList                        0x200025e8   Data          20  tasks.o(.bss)
    xTasksWaitingTermination                 0x200025fc   Data          20  tasks.o(.bss)
    xSuspendedTaskList                       0x20002610   Data          20  tasks.o(.bss)
    .bss                                     0x20002624   Section       40  timers.o(.bss)
    xActiveTimerList1                        0x20002624   Data          20  timers.o(.bss)
    xActiveTimerList2                        0x20002638   Data          20  timers.o(.bss)
    .bss                                     0x2000264c   Section     6144  heap_4.o(.bss)
    ucHeap                                   0x2000264c   Data        6144  heap_4.o(.bss)
    STACK                                    0x20003e50   Section     1024  startup_stm32f100xb.o(STACK)

    Global Symbols

    Symbol Name                              Value     Ov Type        Size  Object(Section)

    BuildAttributes$$THM_ISAv4$P$D$K$B$S$PE$A:L22UL41UL21$X:L11$S22US41US21$IEEE1$IW$USESV6$~STKCKD$USESV7$~SHL$OTIME$ROPI$EBA8$MICROLIB$REQ8$PRES8$EABIv2 0x00000000   Number         0  anon$$obj.o ABSOLUTE
    __ARM_use_no_argv                        0x00000000   Number         0  main.o ABSOLUTE
    _printf_a                                0x00000000   Number         0  stubs.o ABSOLUTE
    _printf_c                                0x00000000   Number         0  stubs.o ABSOLUTE
    _printf_charcount                        0x00000000   Number         0  stubs.o ABSOLUTE
    _printf_d                                0x00000000   Number         0  stubs.o ABSOLUTE
    _printf_e                                0x00000000   Number         0  stubs.o ABSOLUTE
    _printf_f                                0x00000000   Number         0  stubs.o ABSOLUTE
    _printf_flags                            0x00000000   Number         0  stubs.o ABSOLUTE
    _printf_fp_dec                           0x00000000   Number         0  stubs.o ABSOLUTE
    _printf_fp_hex                           0x00000000   Number         0  stubs.o ABSOLUTE
    _printf_g                                0x00000000   Number         0  stubs.o ABSOLUTE
    _printf_i                                0x00000000   Number         0  stubs.o ABSOLUTE
    _printf_int_dec                          0x00000000   Number         0  stubs.o ABSOLUTE
    _printf_l                                0x00000000   Number         0  stubs.o ABSOLUTE
    _printf_lc                               0x00000000   Number         0  stubs.o ABSOLUTE
    _printf_ll                               0x00000000   Number         0  stubs.o ABSOLUTE
    _printf_lld                              0x00000000   Number         0  stubs.o ABSOLUTE
    _printf_lli                              0x00000000   Number         0  stubs.o ABSOLUTE
    _printf_llo                              0x00000000   Number         0  stubs.o ABSOLUTE
    _printf_llu                              0x00000000   Number         0  stubs.o ABSOLUTE
    _printf_llx                              0x00000000   Number         0  stubs.o ABSOLUTE
    _printf_longlong_dec                     0x00000000   Number         0  stubs.o ABSOLUTE
    _printf_longlong_hex                     0x00000000   Number         0  stubs.o ABSOLUTE
    _printf_longlong_oct                     0x00000000   Number         0  stubs.o ABSOLUTE
    _printf_ls                               0x00000000   Number         0  stubs.o ABSOLUTE
    _printf_mbtowc                           0x00000000   Number         0  stubs.o ABSOLUTE
    _printf_n                                0x00000000   Number         0  stubs.o ABSOLUTE
    _printf_o                                0x00000000   Number         0  stubs.o ABSOLUTE
    _printf_p                                0x00000000   Number         0  stubs.o ABSOLUTE
    _printf_percent                          0x00000000   Number         0  stubs.o ABSOLUTE
    _printf_pre_padding                      0x00000000   Number         0  stubs.o ABSOLUTE
    _printf_return_value                     0x00000000   Number         0  stubs.o ABSOLUTE
    _printf_s                                0x00000000   Number         0  stubs.o ABSOLUTE
    _printf_sizespec                         0x00000000   Number         0  stubs.o ABSOLUTE
    _printf_str                              0x00000000   Number         0  stubs.o ABSOLUTE
    _printf_truncate_signed                  0x00000000   Number         0  stubs.o ABSOLUTE
    _printf_truncate_unsigned                0x00000000   Number         0  stubs.o ABSOLUTE
    _printf_u                                0x00000000   Number         0  stubs.o ABSOLUTE
    _printf_wc                               0x00000000   Number         0  stubs.o ABSOLUTE
    _printf_wctomb                           0x00000000   Number         0  stubs.o ABSOLUTE
    _printf_widthprec                        0x00000000   Number         0  stubs.o ABSOLUTE
    _printf_x                                0x00000000   Number         0  stubs.o ABSOLUTE
    __arm_fini_                               - Undefined Weak Reference
    __cpp_initialize__aeabi_                  - Undefined Weak Reference
    __cxa_finalize                            - Undefined Weak Reference
    _clock_init                               - Undefined Weak Reference
    _microlib_exit                            - Undefined Weak Reference
    __Vectors_Size                           0x00000120   Number         0  startup_stm32f100xb.o ABSOLUTE
    __Vectors                                0x08000000   Data           4  startup_stm32f100xb.o(RESET)
    __Vectors_End                            0x08000120   Data           0  startup_stm32f100xb.o(RESET)
    __main                                   0x08000121   Thumb Code     0  entry.o(.ARM.Collect$$$$00000000)
    _main_stk                                0x08000121   Thumb Code     0  entry2.o(.ARM.Collect$$$$00000001)
    _main_scatterload                        0x08000125   Thumb Code     0  entry5.o(.ARM.Collect$$$$00000004)
    __main_after_scatterload                 0x08000129   Thumb Code     0  entry5.o(.ARM.Collect$$$$00000004)
    _main_clock                              0x08000129   Thumb Code     0  entry7b.o(.ARM.Collect$$$$00000008)
    _main_cpp_init                           0x08000129   Thumb Code     0  entry8b.o(.ARM.Collect$$$$0000000A)
    _main_init                               0x08000129   Thumb Code     0  entry9a.o(.ARM.Collect$$$$0000000B)
    __rt_lib_shutdown_fini                   0x08000131   Thumb Code     0  entry12b.o(.ARM.Collect$$$$0000000E)
    __rt_final_cpp                           0x08000135   Thumb Code     0  entry10a.o(.ARM.Collect$$$$0000000F)
    __rt_final_exit                          0x08000135   Thumb Code     0  entry11a.o(.ARM.Collect$$$$00000011)
    SVC_Handler                              0x08000139   Thumb Code    32  port.o(.emb_text)
    __asm___6_port_c_39a90d8d__prvStartFirstTask 0x0800015d   Thumb Code    28  port.o(.emb_text)
    PendSV_Handler                           0x0800017d   Thumb Code    72  port.o(.emb_text)
    vPortGetIPSR                             0x080001c9   Thumb Code     6  port.o(.emb_text)
    Reset_Handler                            0x080001d1   Thumb Code     8  startup_stm32f100xb.o(.text)
    ADC1_IRQHandler                          0x080001eb   Thumb Code     0  startup_stm32f100xb.o(.text)
    CEC_IRQHandler                           0x080001eb   Thumb Code     0  startup_stm32f100xb.o(.text)
    DMA1_Channel2_IRQHandler                 0x080001eb   Thumb Code     0  startup_stm32f100xb.o(.text)
    DMA1_Channel3_IRQHandler                 0x080001eb   Thumb Code     0  startup_stm32f100xb.o(.text)
    DMA1_Channel4_IRQHandler                 0x080001eb   Thumb Code     0  startup_stm32f100xb.o(.text)
    DMA1_Channel5_IRQHandler                 0x080001eb   Thumb Code     0  startup_stm32f100xb.o(.text)
    DMA1_Channel6_IRQHandler                 0x080001eb   Thumb Code     0  startup_stm32f100xb.o(.text)
    DMA1_Channel7_IRQHandler                 0x080001eb   Thumb Code     0  startup_stm32f100xb.o(.text)
    EXTI0_IRQHandler                         0x080001eb   Thumb Code     0  startup_stm32f100xb.o(.text)
    EXTI15_10_IRQHandler                     0x080001eb   Thumb Code     0  startup_stm32f100xb.o(.text)
    EXTI1_IRQHandler                         0x080001eb   Thumb Code     0  startup_stm32f100xb.o(.text)
    EXTI2_IRQHandler                         0x080001eb   Thumb Code     0  startup_stm32f100xb.o(.text)
    EXTI3_IRQHandler                         0x080001eb   Thumb Code     0  startup_stm32f100xb.o(.text)
    EXTI4_IRQHandler                         0x080001eb   Thumb Code     0  startup_stm32f100xb.o(.text)
    EXTI9_5_IRQHandler                       0x080001eb   Thumb Code     0  startup_stm32f100xb.o(.text)
    FLASH_IRQHandler                         0x080001eb   Thumb Code     0  startup_stm32f100xb.o(.text)
    I2C1_ER_IRQHandler                       0x080001eb   Thumb Code     0  startup_stm32f100xb.o(.text)
    I2C1_EV_IRQHandler                       0x080001eb   Thumb Code     0  startup_stm32f100xb.o(.text)
    I2C2_ER_IRQHandler                       0x080001eb   Thumb Code     0  startup_stm32f100xb.o(.text)
    I2C2_EV_IRQHandler                       0x080001eb   Thumb Code     0  startup_stm32f100xb.o(.text)
    PVD_IRQHandler                           0x080001eb   Thumb Code     0  startup_stm32f100xb.o(.text)
    RCC_IRQHandler                           0x080001eb   Thumb Code     0  startup_stm32f100xb.o(.text)
    RTC_Alarm_IRQHandler                     0x080001eb   Thumb Code     0  startup_stm32f100xb.o(.text)
    RTC_IRQHandler                           0x080001eb   Thumb Code     0  startup_stm32f100xb.o(.text)
    SPI1_IRQHandler                          0x080001eb   Thumb Code     0  startup_stm32f100xb.o(.text)
    SPI2_IRQHandler                          0x080001eb   Thumb Code     0  startup_stm32f100xb.o(.text)
    TAMPER_IRQHandler                        0x080001eb   Thumb Code     0  startup_stm32f100xb.o(.text)
    TIM1_BRK_TIM15_IRQHandler                0x080001eb   Thumb Code     0  startup_stm32f100xb.o(.text)
    TIM1_CC_IRQHandler                       0x080001eb   Thumb Code     0  startup_stm32f100xb.o(.text)
    TIM1_TRG_COM_TIM17_IRQHandler            0x080001eb   Thumb Code     0  startup_stm32f100xb.o(.text)
    TIM1_UP_TIM16_IRQHandler                 0x080001eb   Thumb Code     0  startup_stm32f100xb.o(.text)
    TIM2_IRQHandler                          0x080001eb   Thumb Code     0  startup_stm32f100xb.o(.text)
    TIM3_IRQHandler                          0x080001eb   Thumb Code     0  startup_stm32f100xb.o(.text)
    TIM4_IRQHandler                          0x080001eb   Thumb Code     0  startup_stm32f100xb.o(.text)
    TIM6_DAC_IRQHandler                      0x080001eb   Thumb Code     0  startup_stm32f100xb.o(.text)
    TIM7_IRQHandler                          0x080001eb   Thumb Code     0  startup_stm32f100xb.o(.text)
    USART2_IRQHandler                        0x080001eb   Thumb Code     0  startup_stm32f100xb.o(.text)
    USART3_IRQHandler                        0x080001eb   Thumb Code     0  startup_stm32f100xb.o(.text)
    WWDG_IRQHandler                          0x080001eb   Thumb Code     0  startup_stm32f100xb.o(.text)
    __aeabi_memcpy                           0x080001f5   Thumb Code    36  memcpya.o(.text)
    __aeabi_memcpy4                          0x080001f5   Thumb Code     0  memcpya.o(.text)
    __aeabi_memcpy8                          0x080001f5   Thumb Code     0  memcpya.o(.text)
    __aeabi_memset                           0x08000219   Thumb Code    14  memseta.o(.text)
    __aeabi_memset4                          0x08000219   Thumb Code     0  memseta.o(.text)
    __aeabi_memset8                          0x08000219   Thumb Code     0  memseta.o(.text)
    __aeabi_memclr                           0x08000227   Thumb Code     4  memseta.o(.text)
    __aeabi_memclr4                          0x08000227   Thumb Code     0  memseta.o(.text)
    __aeabi_memclr8                          0x08000227   Thumb Code     0  memseta.o(.text)
    memset                                   0x0800022b   Thumb Code    18  memseta.o(.text)
    __aeabi_fadd                             0x0800023d   Thumb Code   164  fadd.o(.text)
    __aeabi_fsub                             0x080002e1   Thumb Code     6  fadd.o(.text)
    __aeabi_frsub                            0x080002e7   Thumb Code     6  fadd.o(.text)
    __aeabi_fmul                             0x080002ed   Thumb Code   100  fmul.o(.text)
    __aeabi_dmul                             0x08000351   Thumb Code   228  dmul.o(.text)
    __aeabi_ui2f                             0x08000435   Thumb Code    10  ffltui.o(.text)
    __aeabi_f2uiz                            0x0800043f   Thumb Code    40  ffixui.o(.text)
    __aeabi_f2d                              0x08000467   Thumb Code    38  f2d.o(.text)
    __aeabi_d2f                              0x0800048d   Thumb Code    56  d2f.o(.text)
    __aeabi_uidiv                            0x080004c5   Thumb Code     0  uidiv.o(.text)
    __aeabi_uidivmod                         0x080004c5   Thumb Code    44  uidiv.o(.text)
    __I$use$fp                               0x080004f1   Thumb Code     0  iusefp.o(.text)
    _float_round                             0x080004f1   Thumb Code    18  fepilogue.o(.text)
    _float_epilogue                          0x08000503   Thumb Code    92  fepilogue.o(.text)
    _double_round                            0x0800055f   Thumb Code    30  depilogue.o(.text)
    _double_epilogue                         0x0800057d   Thumb Code   156  depilogue.o(.text)
    __scatterload                            0x08000619   Thumb Code    28  init.o(.text)
    __scatterload_rt2                        0x08000619   Thumb Code     0  init.o(.text)
    __aeabi_llsl                             0x0800063d   Thumb Code    30  llshl.o(.text)
    __semihosting_library_function           0x0800063d   Thumb Code     0  semi.o(.text)
    _ll_shift_l                              0x0800063d   Thumb Code     0  llshl.o(.text)
    __aeabi_llsr                             0x0800065b   Thumb Code    32  llushr.o(.text)
    _ll_ushift_r                             0x0800065b   Thumb Code     0  llushr.o(.text)
    __I$use$semihosting$fputc                0x0800067b   Thumb Code     0  iusesemip.o(.text)
    __decompress                             0x0800067b   Thumb Code     0  __dclz77c.o(.text)
    __decompress2                            0x0800067b   Thumb Code    94  __dclz77c.o(.text)
    ADC_ConversionStop_Disable               0x080006d9   Thumb Code    82  stm32f1xx_hal_adc.o(i.ADC_ConversionStop_Disable)
    ADC_DMAConvCplt                          0x0800072b   Thumb Code    82  stm32f1xx_hal_adc.o(i.ADC_DMAConvCplt)
    ADC_DMAError                             0x0800077d   Thumb Code    30  stm32f1xx_hal_adc.o(i.ADC_DMAError)
    ADC_DMAHalfConvCplt                      0x0800079b   Thumb Code    14  stm32f1xx_hal_adc.o(i.ADC_DMAHalfConvCplt)
    ADC_Enable                               0x080007a9   Thumb Code   122  stm32f1xx_hal_adc.o(i.ADC_Enable)
    BusFault_Handler                         0x0800082d   Thumb Code     4  stm32f1xx_it.o(i.BusFault_Handler)
    Crc_Count                                0x08000831   Thumb Code    58  freertos_demo.o(i.Crc_Count)
    DMA1_Channel1_IRQHandler                 0x0800086d   Thumb Code    34  adc.o(i.DMA1_Channel1_IRQHandler)
    DebugMon_Handler                         0x080008c5   Thumb Code     2  stm32f1xx_it.o(i.DebugMon_Handler)
    HAL_ADCEx_Calibration_Start              0x080008c9   Thumb Code   256  stm32f1xx_hal_adc_ex.o(i.HAL_ADCEx_Calibration_Start)
    HAL_ADC_ConfigChannel                    0x080009cd   Thumb Code   338  stm32f1xx_hal_adc.o(i.HAL_ADC_ConfigChannel)
    HAL_ADC_ConvCpltCallback                 0x08000b2d   Thumb Code     2  stm32f1xx_hal_adc.o(i.HAL_ADC_ConvCpltCallback)
    HAL_ADC_ConvHalfCpltCallback             0x08000b2f   Thumb Code     2  stm32f1xx_hal_adc.o(i.HAL_ADC_ConvHalfCpltCallback)
    HAL_ADC_ErrorCallback                    0x08000b31   Thumb Code     2  stm32f1xx_hal_adc.o(i.HAL_ADC_ErrorCallback)
    HAL_ADC_Init                             0x08000b35   Thumb Code   314  stm32f1xx_hal_adc.o(i.HAL_ADC_Init)
    HAL_ADC_MspInit                          0x08000c79   Thumb Code   122  adc.o(i.HAL_ADC_MspInit)
    HAL_ADC_Start_DMA                        0x08000d01   Thumb Code   362  stm32f1xx_hal_adc.o(i.HAL_ADC_Start_DMA)
    HAL_CAN_AbortTxRequest                   0x08000e81   Thumb Code    86  stm32f1xx_hal_can.o(i.HAL_CAN_AbortTxRequest)
    HAL_CAN_AddTxMessage                     0x08000ed7   Thumb Code   342  stm32f1xx_hal_can.o(i.HAL_CAN_AddTxMessage)
    HAL_CAN_ConfigFilter                     0x0800102d   Thumb Code   266  stm32f1xx_hal_can.o(i.HAL_CAN_ConfigFilter)
    HAL_CAN_GetTxMailboxesFreeLevel          0x08001137   Thumb Code    54  stm32f1xx_hal_can.o(i.HAL_CAN_GetTxMailboxesFreeLevel)
    HAL_CAN_Init                             0x0800116d   Thumb Code   372  stm32f1xx_hal_can.o(i.HAL_CAN_Init)
    HAL_CAN_MspInit                          0x080012e1   Thumb Code   150  can.o(i.HAL_CAN_MspInit)
    HAL_CAN_Start                            0x08001385   Thumb Code    94  stm32f1xx_hal_can.o(i.HAL_CAN_Start)
    HAL_DMA_Init                             0x080013e5   Thumb Code   100  stm32f1xx_hal_dma.o(i.HAL_DMA_Init)
    HAL_DMA_Start_IT                         0x0800144d   Thumb Code   156  stm32f1xx_hal_dma.o(i.HAL_DMA_Start_IT)
    HAL_GPIO_Init                            0x080014e9   Thumb Code   766  stm32f1xx_hal_gpio.o(i.HAL_GPIO_Init)
    HAL_GPIO_ReadPin                         0x08001809   Thumb Code    16  stm32f1xx_hal_gpio.o(i.HAL_GPIO_ReadPin)
    HAL_GPIO_TogglePin                       0x08001819   Thumb Code    20  stm32f1xx_hal_gpio.o(i.HAL_GPIO_TogglePin)
    HAL_GPIO_WritePin                        0x0800182d   Thumb Code    12  stm32f1xx_hal_gpio.o(i.HAL_GPIO_WritePin)
    HAL_GetTick                              0x08001839   Thumb Code     6  stm32f1xx_hal.o(i.HAL_GetTick)
    HAL_IncTick                              0x08001845   Thumb Code    16  stm32f1xx_hal.o(i.HAL_IncTick)
    HAL_Init                                 0x0800185d   Thumb Code    34  stm32f1xx_hal.o(i.HAL_Init)
    HAL_InitTick                             0x08001885   Thumb Code    64  stm32f1xx_hal.o(i.HAL_InitTick)
    HAL_MspInit                              0x080018d1   Thumb Code     2  stm32f1xx_hal.o(i.HAL_MspInit)
    HAL_NVIC_EnableIRQ                       0x080018d3   Thumb Code    32  stm32f1xx_hal_cortex.o(i.HAL_NVIC_EnableIRQ)
    HAL_NVIC_SetPriority                     0x080018f3   Thumb Code   124  stm32f1xx_hal_cortex.o(i.HAL_NVIC_SetPriority)
    HAL_NVIC_SetPriorityGrouping             0x08001971   Thumb Code    32  stm32f1xx_hal_cortex.o(i.HAL_NVIC_SetPriorityGrouping)
    HAL_RCCEx_GetPeriphCLKFreq               0x08001999   Thumb Code   248  stm32f1xx_hal_rcc_ex.o(i.HAL_RCCEx_GetPeriphCLKFreq)
    HAL_RCCEx_PeriphCLKConfig                0x08001ab1   Thumb Code   290  stm32f1xx_hal_rcc_ex.o(i.HAL_RCCEx_PeriphCLKConfig)
    HAL_RCC_ClockConfig                      0x08001be1   Thumb Code   376  stm32f1xx_hal_rcc.o(i.HAL_RCC_ClockConfig)
    HAL_RCC_GetHCLKFreq                      0x08001d6d   Thumb Code     6  stm32f1xx_hal_rcc.o(i.HAL_RCC_GetHCLKFreq)
    HAL_RCC_GetPCLK1Freq                     0x08001d79   Thumb Code    22  stm32f1xx_hal_rcc.o(i.HAL_RCC_GetPCLK1Freq)
    HAL_RCC_GetPCLK2Freq                     0x08001d99   Thumb Code    22  stm32f1xx_hal_rcc.o(i.HAL_RCC_GetPCLK2Freq)
    HAL_RCC_GetSysClockFreq                  0x08001db9   Thumb Code   116  stm32f1xx_hal_rcc.o(i.HAL_RCC_GetSysClockFreq)
    HAL_RCC_OscConfig                        0x08001e4d   Thumb Code  1114  stm32f1xx_hal_rcc.o(i.HAL_RCC_OscConfig)
    HAL_SYSTICK_CLKSourceConfig              0x080022b1   Thumb Code    40  stm32f1xx_hal_cortex.o(i.HAL_SYSTICK_CLKSourceConfig)
    HAL_SYSTICK_Config                       0x080022d9   Thumb Code    52  stm32f1xx_hal_cortex.o(i.HAL_SYSTICK_Config)
    HAL_TIMEx_MasterConfigSynchronization    0x0800230d   Thumb Code   118  stm32f1xx_hal_tim_ex.o(i.HAL_TIMEx_MasterConfigSynchronization)
    HAL_TIM_Base_Init                        0x08002391   Thumb Code   102  stm32f1xx_hal_tim.o(i.HAL_TIM_Base_Init)
    HAL_TIM_Base_MspInit                     0x080023f9   Thumb Code    58  adc.o(i.HAL_TIM_Base_MspInit)
    HAL_TIM_Base_Start                       0x0800243d   Thumb Code    94  stm32f1xx_hal_tim.o(i.HAL_TIM_Base_Start)
    HAL_UART_Init                            0x080024a9   Thumb Code   114  stm32f1xx_hal_uart.o(i.HAL_UART_Init)
    HAL_UART_MspInit                         0x0800251b   Thumb Code     2  stm32f1xx_hal_uart.o(i.HAL_UART_MspInit)
    HAL_UART_Receive                         0x0800251d   Thumb Code   216  stm32f1xx_hal_uart.o(i.HAL_UART_Receive)
    HAL_UART_Transmit                        0x080025f5   Thumb Code   210  stm32f1xx_hal_uart.o(i.HAL_UART_Transmit)
    HardFault_Handler                        0x080026c7   Thumb Code     4  stm32f1xx_it.o(i.HardFault_Handler)
    IIC1_init                                0x080026d5   Thumb Code   114  myiic_1.o(i.IIC1_init)
    IIC1_send_byte                           0x08002751   Thumb Code   106  myiic_1.o(i.IIC1_send_byte)
    IIC1_start                               0x080027c1   Thumb Code    76  myiic_1.o(i.IIC1_start)
    IIC1_stop                                0x08002811   Thumb Code    60  myiic_1.o(i.IIC1_stop)
    IIC1_wait_ack                            0x08002851   Thumb Code   100  myiic_1.o(i.IIC1_wait_ack)
    MemManage_Handler                        0x080028b9   Thumb Code     4  stm32f1xx_it.o(i.MemManage_Handler)
    NMI_Handler                              0x080028bd   Thumb Code     2  stm32f1xx_it.o(i.NMI_Handler)
    OLED_ShowChinese                         0x080028c1   Thumb Code   184  oled.o(i.OLED_ShowChinese)
    SysTick_Handler                          0x080029b5   Thumb Code    20  delay.o(i.SysTick_Handler)
    SystemInit                               0x080029c9   Thumb Code     2  system_stm32f1xx.o(i.SystemInit)
    TIM_Base_SetConfig                       0x080029cd   Thumb Code   104  stm32f1xx_hal_tim.o(i.TIM_Base_SetConfig)
    USART1_IRQHandler                        0x08002ba9   Thumb Code    60  rs485.o(i.USART1_IRQHandler)
    UsageFault_Handler                       0x08002bf1   Thumb Code     4  stm32f1xx_it.o(i.UsageFault_Handler)
    __0printf$3                              0x08002bf5   Thumb Code    22  printf3.o(i.__0printf$3)
    __1printf$3                              0x08002bf5   Thumb Code     0  printf3.o(i.__0printf$3)
    __2printf                                0x08002bf5   Thumb Code     0  printf3.o(i.__0printf$3)
    __scatterload_copy                       0x08002c4d   Thumb Code    14  handlers.o(i.__scatterload_copy)
    __scatterload_null                       0x08002c5b   Thumb Code     2  handlers.o(i.__scatterload_null)
    __scatterload_zeroinit                   0x08002c5d   Thumb Code    14  handlers.o(i.__scatterload_zeroinit)
    adc_dma_enable                           0x08002e25   Thumb Code    76  adc.o(i.adc_dma_enable)
    adc_nch_dma_init                         0x08002e79   Thumb Code   316  adc.o(i.adc_nch_dma_init)
    can_init                                 0x08002fcd   Thumb Code   170  can.o(i.can_init)
    can_send_msg                             0x08003081   Thumb Code    96  can.o(i.can_send_msg)
    delay_init                               0x080030e9   Thumb Code    74  delay.o(i.delay_init)
    delay_ms                                 0x08003139   Thumb Code    24  delay.o(i.delay_ms)
    delay_us                                 0x08003151   Thumb Code    68  delay.o(i.delay_us)
    fputc                                    0x08003199   Thumb Code    18  fputc.o(i.fputc)
    freertos_demo                            0x080031ad   Thumb Code   614  freertos_demo.o(i.freertos_demo)
    iic_init                                 0x08003451   Thumb Code   112  myiic.o(i.iic_init)
    iic_send_byte                            0x080034c9   Thumb Code   102  myiic.o(i.iic_send_byte)
    iic_start                                0x08003535   Thumb Code    72  myiic.o(i.iic_start)
    iic_stop                                 0x08003581   Thumb Code    58  myiic.o(i.iic_stop)
    iic_wait_ack                             0x080035c1   Thumb Code    96  myiic.o(i.iic_wait_ack)
    led_init                                 0x08003625   Thumb Code   132  led.o(i.led_init)
    main                                     0x080036b1   Thumb Code    38  main.o(i.main)
    my_mem_init                              0x080036d9   Thumb Code    38  malloc.o(i.my_mem_init)
    my_mem_perused                           0x08003709   Thumb Code    56  malloc.o(i.my_mem_perused)
    my_mem_set                               0x08003749   Thumb Code    20  malloc.o(i.my_mem_set)
    oled1_ShowChinese                        0x0800375d   Thumb Code   184  oled_1.o(i.oled1_ShowChinese)
    oled1_clear                              0x08003829   Thumb Code    42  oled_1.o(i.oled1_clear)
    oled1_draw_point                         0x08003859   Thumb Code    92  oled_1.o(i.oled1_draw_point)
    oled1_init                               0x080038b9   Thumb Code   218  oled_1.o(i.oled1_init)
    oled1_part_refresh_gram                  0x08003995   Thumb Code   182  oled_1.o(i.oled1_part_refresh_gram)
    oled1_refresh_gram                       0x08003a6d   Thumb Code    70  oled_1.o(i.oled1_refresh_gram)
    oled1_show_char                          0x08003ab9   Thumb Code   266  oled_1.o(i.oled1_show_char)
    oled1_show_num                           0x08003bd1   Thumb Code   184  oled_1.o(i.oled1_show_num)
    oled1_show_string                        0x08003c89   Thumb Code    94  oled_1.o(i.oled1_show_string)
    oled_clear                               0x08003d21   Thumb Code    42  oled.o(i.oled_clear)
    oled_draw_point                          0x08003d51   Thumb Code    92  oled.o(i.oled_draw_point)
    oled_init                                0x08003db1   Thumb Code   228  oled.o(i.oled_init)
    oled_part_refresh_gram                   0x08003e99   Thumb Code   182  oled.o(i.oled_part_refresh_gram)
    oled_refresh_gram                        0x08003f71   Thumb Code    70  oled.o(i.oled_refresh_gram)
    oled_show_char                           0x08003fbd   Thumb Code   266  oled.o(i.oled_show_char)
    oled_show_num                            0x080040d5   Thumb Code   184  oled.o(i.oled_show_num)
    oled_show_string                         0x0800418d   Thumb Code    94  oled.o(i.oled_show_string)
    pvPortMalloc                             0x08004d61   Thumb Code   306  heap_4.o(i.pvPortMalloc)
    pxPortInitialiseStack                    0x08004ef5   Thumb Code    30  port.o(i.pxPortInitialiseStack)
    rs485_init                               0x08004f19   Thumb Code   274  rs485.o(i.rs485_init)
    rs485_receive_data                       0x0800503d   Thumb Code    60  rs485.o(i.rs485_receive_data)
    rs485_send_data                          0x08005081   Thumb Code    58  rs485.o(i.rs485_send_data)
    rs485_test                               0x080050c9   Thumb Code   388  freertos_demo.o(i.rs485_test)
    start_task                               0x0800526d   Thumb Code    82  freertos_demo.o(i.start_task)
    sys_stm32_clock_init                     0x080052f5   Thumb Code    86  sys.o(i.sys_stm32_clock_init)
    task1                                    0x0800534d   Thumb Code  1376  freertos_demo.o(i.task1)
    task2                                    0x080058c5   Thumb Code   124  freertos_demo.o(i.task2)
    task3                                    0x08005949   Thumb Code    48  freertos_demo.o(i.task3)
    time_init                                0x08005979   Thumb Code    74  adc.o(i.time_init)
    uxListRemove                             0x080059c9   Thumb Code    40  list.o(i.uxListRemove)
    vListInitialise                          0x080059f1   Thumb Code    26  list.o(i.vListInitialise)
    vListInitialiseItem                      0x08005a0b   Thumb Code     6  list.o(i.vListInitialiseItem)
    vListInsert                              0x08005a11   Thumb Code    52  list.o(i.vListInsert)
    vListInsertEnd                           0x08005a45   Thumb Code    24  list.o(i.vListInsertEnd)
    vPortEnterCritical                       0x08005a5d   Thumb Code    68  port.o(i.vPortEnterCritical)
    vPortExitCritical                        0x08005af1   Thumb Code    48  port.o(i.vPortExitCritical)
    vPortFree                                0x08005b6d   Thumb Code   130  heap_4.o(i.vPortFree)
    vPortSetupTimerInterrupt                 0x08005c45   Thumb Code    38  port.o(i.vPortSetupTimerInterrupt)
    vQueueAddToRegistry                      0x08005c71   Thumb Code    84  queue.o(i.vQueueAddToRegistry)
    vQueueWaitForMessageRestricted           0x08005cfd   Thumb Code    74  queue.o(i.vQueueWaitForMessageRestricted)
    vTaskDelay                               0x08005d49   Thumb Code    72  tasks.o(i.vTaskDelay)
    vTaskDelete                              0x08005dcd   Thumb Code   200  tasks.o(i.vTaskDelete)
    vTaskInternalSetTimeOutState             0x08005ef1   Thumb Code    14  tasks.o(i.vTaskInternalSetTimeOutState)
    vTaskMissedYield                         0x08005f09   Thumb Code     8  tasks.o(i.vTaskMissedYield)
    vTaskPlaceOnEventList                    0x08005f15   Thumb Code    42  tasks.o(i.vTaskPlaceOnEventList)
    vTaskPlaceOnEventListRestricted          0x08005f79   Thumb Code    84  tasks.o(i.vTaskPlaceOnEventListRestricted)
    vTaskStartScheduler                      0x08006005   Thumb Code   112  tasks.o(i.vTaskStartScheduler)
    vTaskSuspendAll                          0x080060c9   Thumb Code    12  tasks.o(i.vTaskSuspendAll)
    vTaskSwitchContext                       0x080060d9   Thumb Code   110  tasks.o(i.vTaskSwitchContext)
    xPortStartScheduler                      0x08006191   Thumb Code   240  port.o(i.xPortStartScheduler)
    xPortSysTickHandler                      0x080062dd   Thumb Code    46  port.o(i.xPortSysTickHandler)
    xQueueGenericCreate                      0x08006311   Thumb Code    92  queue.o(i.xQueueGenericCreate)
    xQueueGenericReset                       0x080063a1   Thumb Code   194  queue.o(i.xQueueGenericReset)
    xQueueReceive                            0x0800649d   Thumb Code   326  queue.o(i.xQueueReceive)
    xTaskCheckForTimeOut                     0x0800661d   Thumb Code   140  tasks.o(i.xTaskCheckForTimeOut)
    xTaskCreate                              0x080066e9   Thumb Code    96  tasks.o(i.xTaskCreate)
    xTaskGetSchedulerState                   0x08006749   Thumb Code    24  tasks.o(i.xTaskGetSchedulerState)
    xTaskGetTickCount                        0x08006769   Thumb Code     6  tasks.o(i.xTaskGetTickCount)
    xTaskIncrementTick                       0x08006775   Thumb Code   390  tasks.o(i.xTaskIncrementTick)
    xTaskPriorityDisinherit                  0x0800695d   Thumb Code   206  tasks.o(i.xTaskPriorityDisinherit)
    xTaskRemoveFromEventList                 0x08006a6d   Thumb Code   254  tasks.o(i.xTaskRemoveFromEventList)
    xTaskResumeAll                           0x08006bb9   Thumb Code   328  tasks.o(i.xTaskResumeAll)
    xTimerCreateTimerTask                    0x08006d59   Thumb Code    56  timers.o(i.xTimerCreateTimerTask)
    AHBPrescTable                            0x08006dd8   Data          16  system_stm32f1xx.o(.constdata)
    APBPrescTable                            0x08006de8   Data           8  system_stm32f1xx.o(.constdata)
    oled_asc2_1206                           0x08006dfa   Data        1140  oled.o(.constdata)
    oled_asc2_1608                           0x0800726e   Data        1520  oled.o(.constdata)
    oled_asc2_2412                           0x0800785e   Data        3420  oled.o(.constdata)
    oled1_asc2_1206                          0x080085ba   Data        1140  oled_1.o(.constdata)
    oled1_asc2_1608                          0x08008a2e   Data        1520  oled_1.o(.constdata)
    oled1_asc2_2412                          0x0800901e   Data        3420  oled_1.o(.constdata)
    memtblsize                               0x08009d7c   Data           4  malloc.o(.constdata)
    memblksize                               0x08009d80   Data           4  malloc.o(.constdata)
    memsize                                  0x08009d84   Data           4  malloc.o(.constdata)
    Region$$Table$$Base                      0x08009d88   Number         0  anon$$obj.o(Region$$Table)
    Region$$Table$$Limit                     0x08009da8   Number         0  anon$$obj.o(Region$$Table)
    SystemCoreClock                          0x20000000   Data           4  system_stm32f1xx.o(.data)
    StartTask_Handler                        0x20000004   Data           4  freertos_demo.o(.data)
    Task1Task_Handler                        0x20000008   Data           4  freertos_demo.o(.data)
    Task2Task_Handler                        0x2000000c   Data           4  freertos_demo.o(.data)
    Task3Task_Handler                        0x20000010   Data           4  freertos_demo.o(.data)
    Task4Task_Handler                        0x20000014   Data           4  freertos_demo.o(.data)
    uwTick                                   0x2000001c   Data           4  stm32f1xx_hal.o(.data)
    uwTickPrio                               0x20000020   Data           4  stm32f1xx_hal.o(.data)
    uwTickFreq                               0x20000024   Data           1  stm32f1xx_hal.o(.data)
    g_adc_dma_sta                            0x20000025   Data           1  adc.o(.data)
    CAN_rxbuf                                0x20000026   Data           8  can.o(.data)
    Hzk1                                     0x2000002e   Data          24  oled.o(.data)
    Hzk2                                     0x20000046   Data          24  oled.o(.data)
    Hzk3                                     0x2000005e   Data          24  oled.o(.data)
    Hzk4                                     0x20000076   Data          24  oled.o(.data)
    Hzk5                                     0x2000008e   Data          24  oled.o(.data)
    Hzk6                                     0x200000a6   Data          32  oled.o(.data)
    Hzk7                                     0x200000c6   Data          32  oled.o(.data)
    Hzk8                                     0x200000e6   Data         112  oled.o(.data)
    Hzk9                                     0x20000156   Data         112  oled.o(.data)
    Hzk1_1                                   0x200001c6   Data          24  oled_1.o(.data)
    Hzk1_2                                   0x200001de   Data          24  oled_1.o(.data)
    Hzk1_3                                   0x200001f6   Data          24  oled_1.o(.data)
    Hzk1_4                                   0x2000020e   Data          24  oled_1.o(.data)
    Hzk1_5                                   0x20000226   Data          24  oled_1.o(.data)
    Hzk1_6                                   0x2000023e   Data          32  oled_1.o(.data)
    Hzk1_7                                   0x2000025e   Data          32  oled_1.o(.data)
    Hzk1_8                                   0x2000027e   Data         112  oled_1.o(.data)
    Hzk1_9                                   0x200002ee   Data         112  oled_1.o(.data)
    g_RS485_rx_cnt                           0x2000035e   Data           1  rs485.o(.data)
    mallco_dev                               0x20000360   Data          20  malloc.o(.data)
    pxCurrentTCB                             0x20000374   Data           4  tasks.o(.data)
    uxTopUsedPriority                        0x200003ac   Data           4  tasks.o(.data)
    __stdout                                 0x200003f4   Data           4  stdout.o(.data)
    g_adc_dma_buf                            0x200003f8   Data          80  freertos_demo.o(.bss)
    g_adc_handle                             0x20000448   Data          48  adc.o(.bss)
    g_dma_adc_handle                         0x20000478   Data          68  adc.o(.bss)
    g_adc_dma_handle                         0x200004bc   Data          48  adc.o(.bss)
    g_dma_nch_adc_handle                     0x200004ec   Data          68  adc.o(.bss)
    g_adc_nch_dma_handle                     0x20000530   Data          48  adc.o(.bss)
    g_canx_handler                           0x20000560   Data          40  can.o(.bss)
    g_canx_txheader                          0x20000588   Data          24  can.o(.bss)
    g_canx_rxheader                          0x200005a0   Data          28  can.o(.bss)
    g_rs458_handler                          0x200015bc   Data          64  rs485.o(.bss)
    g_RS485_rx_buf                           0x200015fc   Data          64  rs485.o(.bss)
    xQueueRegistry                           0x20002300   Data          64  queue.o(.bss)
    __initial_sp                             0x20004250   Data           0  startup_stm32f100xb.o(STACK)



==============================================================================

Memory Map of the image

  Image Entry point : 0x08000121

  Load Region LR_IROM1 (Base: 0x08000000, Size: 0x0000a1a0, Max: 0x00020000, ABSOLUTE, COMPRESSED[0x00009ef0])

    Execution Region ER_IROM1 (Exec base: 0x08000000, Load base: 0x08000000, Size: 0x00009da8, Max: 0x00020000, ABSOLUTE)

    Exec Addr    Load Addr    Size         Type   Attr      Idx    E Section Name        Object

    0x08000000   0x08000000   0x00000120   Data   RO            3    RESET               startup_stm32f100xb.o
    0x08000120   0x08000120   0x00000000   Code   RO         6079  * .ARM.Collect$$$$00000000  mc_w.l(entry.o)
    0x08000120   0x08000120   0x00000004   Code   RO         6369    .ARM.Collect$$$$00000001  mc_w.l(entry2.o)
    0x08000124   0x08000124   0x00000004   Code   RO         6372    .ARM.Collect$$$$00000004  mc_w.l(entry5.o)
    0x08000128   0x08000128   0x00000000   Code   RO         6374    .ARM.Collect$$$$00000008  mc_w.l(entry7b.o)
    0x08000128   0x08000128   0x00000000   Code   RO         6376    .ARM.Collect$$$$0000000A  mc_w.l(entry8b.o)
    0x08000128   0x08000128   0x00000008   Code   RO         6377    .ARM.Collect$$$$0000000B  mc_w.l(entry9a.o)
    0x08000130   0x08000130   0x00000004   Code   RO         6384    .ARM.Collect$$$$0000000E  mc_w.l(entry12b.o)
    0x08000134   0x08000134   0x00000000   Code   RO         6379    .ARM.Collect$$$$0000000F  mc_w.l(entry10a.o)
    0x08000134   0x08000134   0x00000000   Code   RO         6381    .ARM.Collect$$$$00000011  mc_w.l(entry11a.o)
    0x08000134   0x08000134   0x00000004   Code   RO         6370    .ARM.Collect$$$$00002712  mc_w.l(entry2.o)
    0x08000138   0x08000138   0x00000096   Code   RO         5993    .emb_text           port.o
    0x080001ce   0x080001ce   0x00000002   PAD
    0x080001d0   0x080001d0   0x00000024   Code   RO            4    .text               startup_stm32f100xb.o
    0x080001f4   0x080001f4   0x00000024   Code   RO         6082    .text               mc_w.l(memcpya.o)
    0x08000218   0x08000218   0x00000024   Code   RO         6086    .text               mc_w.l(memseta.o)
    0x0800023c   0x0800023c   0x000000b0   Code   RO         6355    .text               mf_w.l(fadd.o)
    0x080002ec   0x080002ec   0x00000064   Code   RO         6357    .text               mf_w.l(fmul.o)
    0x08000350   0x08000350   0x000000e4   Code   RO         6359    .text               mf_w.l(dmul.o)
    0x08000434   0x08000434   0x0000000a   Code   RO         6361    .text               mf_w.l(ffltui.o)
    0x0800043e   0x0800043e   0x00000028   Code   RO         6363    .text               mf_w.l(ffixui.o)
    0x08000466   0x08000466   0x00000026   Code   RO         6365    .text               mf_w.l(f2d.o)
    0x0800048c   0x0800048c   0x00000038   Code   RO         6367    .text               mf_w.l(d2f.o)
    0x080004c4   0x080004c4   0x0000002c   Code   RO         6388    .text               mc_w.l(uidiv.o)
    0x080004f0   0x080004f0   0x00000000   Code   RO         6392    .text               mc_w.l(iusefp.o)
    0x080004f0   0x080004f0   0x0000006e   Code   RO         6393    .text               mf_w.l(fepilogue.o)
    0x0800055e   0x0800055e   0x000000ba   Code   RO         6395    .text               mf_w.l(depilogue.o)
    0x08000618   0x08000618   0x00000024   Code   RO         6405    .text               mc_w.l(init.o)
    0x0800063c   0x0800063c   0x00000000   Code   RO         6407    .text               mc_w.l(semi.o)
    0x0800063c   0x0800063c   0x0000001e   Code   RO         6408    .text               mc_w.l(llshl.o)
    0x0800065a   0x0800065a   0x00000020   Code   RO         6410    .text               mc_w.l(llushr.o)
    0x0800067a   0x0800067a   0x00000000   Code   RO         6414    .text               mc_w.l(iusesemip.o)
    0x0800067a   0x0800067a   0x0000005e   Code   RO         6423    .text               mc_w.l(__dclz77c.o)
    0x080006d8   0x080006d8   0x00000052   Code   RO         3021    i.ADC_ConversionStop_Disable  stm32f1xx_hal_adc.o
    0x0800072a   0x0800072a   0x00000052   Code   RO         3022    i.ADC_DMAConvCplt   stm32f1xx_hal_adc.o
    0x0800077c   0x0800077c   0x0000001e   Code   RO         3023    i.ADC_DMAError      stm32f1xx_hal_adc.o
    0x0800079a   0x0800079a   0x0000000e   Code   RO         3024    i.ADC_DMAHalfConvCplt  stm32f1xx_hal_adc.o
    0x080007a8   0x080007a8   0x00000084   Code   RO         3025    i.ADC_Enable        stm32f1xx_hal_adc.o
    0x0800082c   0x0800082c   0x00000004   Code   RO          256    i.BusFault_Handler  stm32f1xx_it.o
    0x08000830   0x08000830   0x0000003a   Code   RO          411    i.Crc_Count         freertos_demo.o
    0x0800086a   0x0800086a   0x00000002   PAD
    0x0800086c   0x0800086c   0x0000002c   Code   RO         4027    i.DMA1_Channel1_IRQHandler  adc.o
    0x08000898   0x08000898   0x0000002c   Code   RO          975    i.DMA_SetConfig     stm32f1xx_hal_dma.o
    0x080008c4   0x080008c4   0x00000002   Code   RO          257    i.DebugMon_Handler  stm32f1xx_it.o
    0x080008c6   0x080008c6   0x00000002   PAD
    0x080008c8   0x080008c8   0x00000104   Code   RO         3201    i.HAL_ADCEx_Calibration_Start  stm32f1xx_hal_adc_ex.o
    0x080009cc   0x080009cc   0x00000160   Code   RO         3027    i.HAL_ADC_ConfigChannel  stm32f1xx_hal_adc.o
    0x08000b2c   0x08000b2c   0x00000002   Code   RO         3028    i.HAL_ADC_ConvCpltCallback  stm32f1xx_hal_adc.o
    0x08000b2e   0x08000b2e   0x00000002   Code   RO         3029    i.HAL_ADC_ConvHalfCpltCallback  stm32f1xx_hal_adc.o
    0x08000b30   0x08000b30   0x00000002   Code   RO         3031    i.HAL_ADC_ErrorCallback  stm32f1xx_hal_adc.o
    0x08000b32   0x08000b32   0x00000002   PAD
    0x08000b34   0x08000b34   0x00000144   Code   RO         3036    i.HAL_ADC_Init      stm32f1xx_hal_adc.o
    0x08000c78   0x08000c78   0x00000088   Code   RO         4028    i.HAL_ADC_MspInit   adc.o
    0x08000d00   0x08000d00   0x00000180   Code   RO         3043    i.HAL_ADC_Start_DMA  stm32f1xx_hal_adc.o
    0x08000e80   0x08000e80   0x00000056   Code   RO         3297    i.HAL_CAN_AbortTxRequest  stm32f1xx_hal_can.o
    0x08000ed6   0x08000ed6   0x00000156   Code   RO         3299    i.HAL_CAN_AddTxMessage  stm32f1xx_hal_can.o
    0x0800102c   0x0800102c   0x0000010a   Code   RO         3300    i.HAL_CAN_ConfigFilter  stm32f1xx_hal_can.o
    0x08001136   0x08001136   0x00000036   Code   RO         3308    i.HAL_CAN_GetTxMailboxesFreeLevel  stm32f1xx_hal_can.o
    0x0800116c   0x0800116c   0x00000174   Code   RO         3311    i.HAL_CAN_Init      stm32f1xx_hal_can.o
    0x080012e0   0x080012e0   0x000000a4   Code   RO         4115    i.HAL_CAN_MspInit   can.o
    0x08001384   0x08001384   0x0000005e   Code   RO         3323    i.HAL_CAN_Start     stm32f1xx_hal_can.o
    0x080013e2   0x080013e2   0x00000002   PAD
    0x080013e4   0x080013e4   0x00000068   Code   RO          982    i.HAL_DMA_Init      stm32f1xx_hal_dma.o
    0x0800144c   0x0800144c   0x0000009c   Code   RO          986    i.HAL_DMA_Start_IT  stm32f1xx_hal_dma.o
    0x080014e8   0x080014e8   0x00000320   Code   RO         1073    i.HAL_GPIO_Init     stm32f1xx_hal_gpio.o
    0x08001808   0x08001808   0x00000010   Code   RO         1075    i.HAL_GPIO_ReadPin  stm32f1xx_hal_gpio.o
    0x08001818   0x08001818   0x00000014   Code   RO         1076    i.HAL_GPIO_TogglePin  stm32f1xx_hal_gpio.o
    0x0800182c   0x0800182c   0x0000000c   Code   RO         1077    i.HAL_GPIO_WritePin  stm32f1xx_hal_gpio.o
    0x08001838   0x08001838   0x0000000c   Code   RO          690    i.HAL_GetTick       stm32f1xx_hal.o
    0x08001844   0x08001844   0x00000018   Code   RO          696    i.HAL_IncTick       stm32f1xx_hal.o
    0x0800185c   0x0800185c   0x00000028   Code   RO          697    i.HAL_Init          stm32f1xx_hal.o
    0x08001884   0x08001884   0x0000004c   Code   RO          698    i.HAL_InitTick      stm32f1xx_hal.o
    0x080018d0   0x080018d0   0x00000002   Code   RO          700    i.HAL_MspInit       stm32f1xx_hal.o
    0x080018d2   0x080018d2   0x00000020   Code   RO          855    i.HAL_NVIC_EnableIRQ  stm32f1xx_hal_cortex.o
    0x080018f2   0x080018f2   0x0000007c   Code   RO          861    i.HAL_NVIC_SetPriority  stm32f1xx_hal_cortex.o
    0x0800196e   0x0800196e   0x00000002   PAD
    0x08001970   0x08001970   0x00000028   Code   RO          862    i.HAL_NVIC_SetPriorityGrouping  stm32f1xx_hal_cortex.o
    0x08001998   0x08001998   0x00000118   Code   RO         1405    i.HAL_RCCEx_GetPeriphCLKFreq  stm32f1xx_hal_rcc_ex.o
    0x08001ab0   0x08001ab0   0x00000130   Code   RO         1406    i.HAL_RCCEx_PeriphCLKConfig  stm32f1xx_hal_rcc_ex.o
    0x08001be0   0x08001be0   0x0000018c   Code   RO         1298    i.HAL_RCC_ClockConfig  stm32f1xx_hal_rcc.o
    0x08001d6c   0x08001d6c   0x0000000c   Code   RO         1303    i.HAL_RCC_GetHCLKFreq  stm32f1xx_hal_rcc.o
    0x08001d78   0x08001d78   0x00000020   Code   RO         1305    i.HAL_RCC_GetPCLK1Freq  stm32f1xx_hal_rcc.o
    0x08001d98   0x08001d98   0x00000020   Code   RO         1306    i.HAL_RCC_GetPCLK2Freq  stm32f1xx_hal_rcc.o
    0x08001db8   0x08001db8   0x00000094   Code   RO         1307    i.HAL_RCC_GetSysClockFreq  stm32f1xx_hal_rcc.o
    0x08001e4c   0x08001e4c   0x00000464   Code   RO         1310    i.HAL_RCC_OscConfig  stm32f1xx_hal_rcc.o
    0x080022b0   0x080022b0   0x00000028   Code   RO          864    i.HAL_SYSTICK_CLKSourceConfig  stm32f1xx_hal_cortex.o
    0x080022d8   0x080022d8   0x00000034   Code   RO          866    i.HAL_SYSTICK_Config  stm32f1xx_hal_cortex.o
    0x0800230c   0x0800230c   0x00000084   Code   RO         2773    i.HAL_TIMEx_MasterConfigSynchronization  stm32f1xx_hal_tim_ex.o
    0x08002390   0x08002390   0x00000066   Code   RO         2039    i.HAL_TIM_Base_Init  stm32f1xx_hal_tim.o
    0x080023f6   0x080023f6   0x00000002   PAD
    0x080023f8   0x080023f8   0x00000044   Code   RO         4029    i.HAL_TIM_Base_MspInit  adc.o
    0x0800243c   0x0800243c   0x0000006c   Code   RO         2042    i.HAL_TIM_Base_Start  stm32f1xx_hal_tim.o
    0x080024a8   0x080024a8   0x00000072   Code   RO         1465    i.HAL_UART_Init     stm32f1xx_hal_uart.o
    0x0800251a   0x0800251a   0x00000002   Code   RO         1467    i.HAL_UART_MspInit  stm32f1xx_hal_uart.o
    0x0800251c   0x0800251c   0x000000d8   Code   RO         1468    i.HAL_UART_Receive  stm32f1xx_hal_uart.o
    0x080025f4   0x080025f4   0x000000d2   Code   RO         1473    i.HAL_UART_Transmit  stm32f1xx_hal_uart.o
    0x080026c6   0x080026c6   0x00000004   Code   RO          258    i.HardFault_Handler  stm32f1xx_it.o
    0x080026ca   0x080026ca   0x0000000a   Code   RO         4245    i.IIC1_delay        myiic_1.o
    0x080026d4   0x080026d4   0x0000007c   Code   RO         4246    i.IIC1_init         myiic_1.o
    0x08002750   0x08002750   0x00000070   Code   RO         4249    i.IIC1_send_byte    myiic_1.o
    0x080027c0   0x080027c0   0x00000050   Code   RO         4250    i.IIC1_start        myiic_1.o
    0x08002810   0x08002810   0x00000040   Code   RO         4251    i.IIC1_stop         myiic_1.o
    0x08002850   0x08002850   0x00000068   Code   RO         4252    i.IIC1_wait_ack     myiic_1.o
    0x080028b8   0x080028b8   0x00000004   Code   RO          259    i.MemManage_Handler  stm32f1xx_it.o
    0x080028bc   0x080028bc   0x00000002   Code   RO          260    i.NMI_Handler       stm32f1xx_it.o
    0x080028be   0x080028be   0x00000002   PAD
    0x080028c0   0x080028c0   0x000000cc   Code   RO         4319    i.OLED_ShowChinese  oled.o
    0x0800298c   0x0800298c   0x00000028   Code   RO         1311    i.RCC_Delay         stm32f1xx_hal_rcc.o
    0x080029b4   0x080029b4   0x00000014   Code   RO          550    i.SysTick_Handler   delay.o
    0x080029c8   0x080029c8   0x00000002   Code   RO          220    i.SystemInit        system_stm32f1xx.o
    0x080029ca   0x080029ca   0x00000002   PAD
    0x080029cc   0x080029cc   0x00000074   Code   RO         2132    i.TIM_Base_SetConfig  stm32f1xx_hal_tim.o
    0x08002a40   0x08002a40   0x000000fc   Code   RO         1492    i.UART_SetConfig    stm32f1xx_hal_uart.o
    0x08002b3c   0x08002b3c   0x0000006c   Code   RO         1494    i.UART_WaitOnFlagUntilTimeout  stm32f1xx_hal_uart.o
    0x08002ba8   0x08002ba8   0x00000048   Code   RO         4561    i.USART1_IRQHandler  rs485.o
    0x08002bf0   0x08002bf0   0x00000004   Code   RO          261    i.UsageFault_Handler  stm32f1xx_it.o
    0x08002bf4   0x08002bf4   0x00000020   Code   RO         6183    i.__0printf$3       mc_w.l(printf3.o)
    0x08002c14   0x08002c14   0x00000010   Code   RO          868    i.__NVIC_GetPriorityGrouping  stm32f1xx_hal_cortex.o
    0x08002c24   0x08002c24   0x00000028   Code   RO          869    i.__NVIC_SetPriority  stm32f1xx_hal_cortex.o
    0x08002c4c   0x08002c4c   0x0000000e   Code   RO         6417    i.__scatterload_copy  mc_w.l(handlers.o)
    0x08002c5a   0x08002c5a   0x00000002   Code   RO         6418    i.__scatterload_null  mc_w.l(handlers.o)
    0x08002c5c   0x08002c5c   0x0000000e   Code   RO         6419    i.__scatterload_zeroinit  mc_w.l(handlers.o)
    0x08002c6a   0x08002c6a   0x00000002   PAD
    0x08002c6c   0x08002c6c   0x000001b8   Code   RO         6190    i._printf_core      mc_w.l(printf3.o)
    0x08002e24   0x08002e24   0x00000054   Code   RO         4031    i.adc_dma_enable    adc.o
    0x08002e78   0x08002e78   0x00000154   Code   RO         4036    i.adc_nch_dma_init  adc.o
    0x08002fcc   0x08002fcc   0x000000b4   Code   RO         4117    i.can_init          can.o
    0x08003080   0x08003080   0x00000068   Code   RO         4119    i.can_send_msg      can.o
    0x080030e8   0x080030e8   0x00000050   Code   RO          551    i.delay_init        delay.o
    0x08003138   0x08003138   0x00000018   Code   RO          552    i.delay_ms          delay.o
    0x08003150   0x08003150   0x00000048   Code   RO          553    i.delay_us          delay.o
    0x08003198   0x08003198   0x00000012   Code   RO         6385    i.fputc             mc_w.l(fputc.o)
    0x080031aa   0x080031aa   0x00000002   PAD
    0x080031ac   0x080031ac   0x00000298   Code   RO          415    i.freertos_demo     freertos_demo.o
    0x08003444   0x08003444   0x0000000a   Code   RO         4171    i.iic_delay         myiic.o
    0x0800344e   0x0800344e   0x00000002   PAD
    0x08003450   0x08003450   0x00000078   Code   RO         4172    i.iic_init          myiic.o
    0x080034c8   0x080034c8   0x0000006c   Code   RO         4175    i.iic_send_byte     myiic.o
    0x08003534   0x08003534   0x0000004c   Code   RO         4176    i.iic_start         myiic.o
    0x08003580   0x08003580   0x00000040   Code   RO         4177    i.iic_stop          myiic.o
    0x080035c0   0x080035c0   0x00000064   Code   RO         4178    i.iic_wait_ack      myiic.o
    0x08003624   0x08003624   0x0000008c   Code   RO         4003    i.led_init          led.o
    0x080036b0   0x080036b0   0x00000026   Code   RO           13    i.main              main.o
    0x080036d6   0x080036d6   0x00000002   PAD
    0x080036d8   0x080036d8   0x00000030   Code   RO         4612    i.my_mem_init       malloc.o
    0x08003708   0x08003708   0x00000040   Code   RO         4614    i.my_mem_perused    malloc.o
    0x08003748   0x08003748   0x00000014   Code   RO         4615    i.my_mem_set        malloc.o
    0x0800375c   0x0800375c   0x000000cc   Code   RO         4445    i.oled1_ShowChinese  oled_1.o
    0x08003828   0x08003828   0x00000030   Code   RO         4446    i.oled1_clear       oled_1.o
    0x08003858   0x08003858   0x00000060   Code   RO         4449    i.oled1_draw_point  oled_1.o
    0x080038b8   0x080038b8   0x000000da   Code   RO         4451    i.oled1_init        oled_1.o
    0x08003992   0x08003992   0x00000002   PAD
    0x08003994   0x08003994   0x000000c0   Code   RO         4452    i.oled1_part_refresh_gram  oled_1.o
    0x08003a54   0x08003a54   0x00000016   Code   RO         4453    i.oled1_pow         oled_1.o
    0x08003a6a   0x08003a6a   0x00000002   PAD
    0x08003a6c   0x08003a6c   0x0000004c   Code   RO         4454    i.oled1_refresh_gram  oled_1.o
    0x08003ab8   0x08003ab8   0x00000118   Code   RO         4455    i.oled1_show_char   oled_1.o
    0x08003bd0   0x08003bd0   0x000000b8   Code   RO         4456    i.oled1_show_num    oled_1.o
    0x08003c88   0x08003c88   0x0000005e   Code   RO         4457    i.oled1_show_string  oled_1.o
    0x08003ce6   0x08003ce6   0x00000038   Code   RO         4458    i.oled1_wr_byte     oled_1.o
    0x08003d1e   0x08003d1e   0x00000002   PAD
    0x08003d20   0x08003d20   0x00000030   Code   RO         4320    i.oled_clear        oled.o
    0x08003d50   0x08003d50   0x00000060   Code   RO         4323    i.oled_draw_point   oled.o
    0x08003db0   0x08003db0   0x000000e8   Code   RO         4325    i.oled_init         oled.o
    0x08003e98   0x08003e98   0x000000c0   Code   RO         4326    i.oled_part_refresh_gram  oled.o
    0x08003f58   0x08003f58   0x00000016   Code   RO         4327    i.oled_pow          oled.o
    0x08003f6e   0x08003f6e   0x00000002   PAD
    0x08003f70   0x08003f70   0x0000004c   Code   RO         4328    i.oled_refresh_gram  oled.o
    0x08003fbc   0x08003fbc   0x00000118   Code   RO         4329    i.oled_show_char    oled.o
    0x080040d4   0x080040d4   0x000000b8   Code   RO         4330    i.oled_show_num     oled.o
    0x0800418c   0x0800418c   0x0000005e   Code   RO         4331    i.oled_show_string  oled.o
    0x080041ea   0x080041ea   0x00000038   Code   RO         4332    i.oled_wr_byte      oled.o
    0x08004222   0x08004222   0x00000002   PAD
    0x08004224   0x08004224   0x000000cc   Code   RO         5324    i.prvAddCurrentTaskToDelayedList  tasks.o
    0x080042f0   0x080042f0   0x000000ec   Code   RO         5325    i.prvAddNewTaskToReadyList  tasks.o
    0x080043dc   0x080043dc   0x00000064   Code   RO         5749    i.prvCheckForValidListAndQueue  timers.o
    0x08004440   0x08004440   0x00000048   Code   RO         5326    i.prvCheckTasksWaitingTermination  tasks.o
    0x08004488   0x08004488   0x0000002a   Code   RO         4887    i.prvCopyDataFromQueue  queue.o
    0x080044b2   0x080044b2   0x0000007e   Code   RO         4888    i.prvCopyDataToQueue  queue.o
    0x08004530   0x08004530   0x00000012   Code   RO         5327    i.prvDeleteTCB      tasks.o
    0x08004542   0x08004542   0x00000002   PAD
    0x08004544   0x08004544   0x00000028   Code   RO         5750    i.prvGetNextExpireTime  timers.o
    0x0800456c   0x0800456c   0x0000007c   Code   RO         5926    i.prvHeapInit       heap_4.o
    0x080045e8   0x080045e8   0x00000028   Code   RO         5328    i.prvIdleTask       tasks.o
    0x08004610   0x08004610   0x0000002e   Code   RO         4891    i.prvInitialiseNewQueue  queue.o
    0x0800463e   0x0800463e   0x00000002   PAD
    0x08004640   0x08004640   0x00000104   Code   RO         5329    i.prvInitialiseNewTask  tasks.o
    0x08004744   0x08004744   0x00000068   Code   RO         5330    i.prvInitialiseTaskLists  tasks.o
    0x080047ac   0x080047ac   0x00000068   Code   RO         5927    i.prvInsertBlockIntoFreeList  heap_4.o
    0x08004814   0x08004814   0x00000058   Code   RO         5752    i.prvInsertTimerInActiveList  timers.o
    0x0800486c   0x0800486c   0x0000001a   Code   RO         4892    i.prvIsQueueEmpty   queue.o
    0x08004886   0x08004886   0x00000002   PAD
    0x08004888   0x08004888   0x000000c4   Code   RO         4894    i.prvNotifyQueueSetContainer  queue.o
    0x0800494c   0x0800494c   0x00000044   Code   RO         5753    i.prvProcessExpiredTimer  timers.o
    0x08004990   0x08004990   0x0000016c   Code   RO         5754    i.prvProcessReceivedCommands  timers.o
    0x08004afc   0x08004afc   0x00000074   Code   RO         5755    i.prvProcessTimerOrBlockTask  timers.o
    0x08004b70   0x08004b70   0x00000028   Code   RO         5756    i.prvReloadTimer    timers.o
    0x08004b98   0x08004b98   0x00000030   Code   RO         5332    i.prvResetNextTaskUnblockTime  tasks.o
    0x08004bc8   0x08004bc8   0x0000002c   Code   RO         5757    i.prvSampleTimeNow  timers.o
    0x08004bf4   0x08004bf4   0x00000044   Code   RO         5758    i.prvSwitchTimerLists  timers.o
    0x08004c38   0x08004c38   0x0000007c   Code   RO         5994    i.prvTaskExitError  port.o
    0x08004cb4   0x08004cb4   0x0000001a   Code   RO         5759    i.prvTimerTask      timers.o
    0x08004cce   0x08004cce   0x00000090   Code   RO         4895    i.prvUnlockQueue    queue.o
    0x08004d5e   0x08004d5e   0x00000002   PAD
    0x08004d60   0x08004d60   0x00000194   Code   RO         5928    i.pvPortMalloc      heap_4.o
    0x08004ef4   0x08004ef4   0x00000024   Code   RO         5995    i.pxPortInitialiseStack  port.o
    0x08004f18   0x08004f18   0x00000124   Code   RO         4562    i.rs485_init        rs485.o
    0x0800503c   0x0800503c   0x00000044   Code   RO         4563    i.rs485_receive_data  rs485.o
    0x08005080   0x08005080   0x00000048   Code   RO         4564    i.rs485_send_data   rs485.o
    0x080050c8   0x080050c8   0x000001a4   Code   RO          416    i.rs485_test        freertos_demo.o
    0x0800526c   0x0800526c   0x00000088   Code   RO          417    i.start_task        freertos_demo.o
    0x080052f4   0x080052f4   0x00000056   Code   RO          612    i.sys_stm32_clock_init  sys.o
    0x0800534a   0x0800534a   0x00000002   PAD
    0x0800534c   0x0800534c   0x00000578   Code   RO          418    i.task1             freertos_demo.o
    0x080058c4   0x080058c4   0x00000084   Code   RO          419    i.task2             freertos_demo.o
    0x08005948   0x08005948   0x00000030   Code   RO          420    i.task3             freertos_demo.o
    0x08005978   0x08005978   0x00000050   Code   RO         4037    i.time_init         adc.o
    0x080059c8   0x080059c8   0x00000028   Code   RO         4835    i.uxListRemove      list.o
    0x080059f0   0x080059f0   0x0000001a   Code   RO         4836    i.vListInitialise   list.o
    0x08005a0a   0x08005a0a   0x00000006   Code   RO         4837    i.vListInitialiseItem  list.o
    0x08005a10   0x08005a10   0x00000034   Code   RO         4838    i.vListInsert       list.o
    0x08005a44   0x08005a44   0x00000018   Code   RO         4839    i.vListInsertEnd    list.o
    0x08005a5c   0x08005a5c   0x00000094   Code   RO         5997    i.vPortEnterCritical  port.o
    0x08005af0   0x08005af0   0x0000007c   Code   RO         5998    i.vPortExitCritical  port.o
    0x08005b6c   0x08005b6c   0x000000d8   Code   RO         5929    i.vPortFree         heap_4.o
    0x08005c44   0x08005c44   0x0000002c   Code   RO         5999    i.vPortSetupTimerInterrupt  port.o
    0x08005c70   0x08005c70   0x0000008c   Code   RO         4901    i.vQueueAddToRegistry  queue.o
    0x08005cfc   0x08005cfc   0x0000004a   Code   RO         4905    i.vQueueWaitForMessageRestricted  queue.o
    0x08005d46   0x08005d46   0x00000002   PAD
    0x08005d48   0x08005d48   0x00000084   Code   RO         5347    i.vTaskDelay        tasks.o
    0x08005dcc   0x08005dcc   0x00000124   Code   RO         5348    i.vTaskDelete       tasks.o
    0x08005ef0   0x08005ef0   0x00000018   Code   RO         5352    i.vTaskInternalSetTimeOutState  tasks.o
    0x08005f08   0x08005f08   0x0000000c   Code   RO         5354    i.vTaskMissedYield  tasks.o
    0x08005f14   0x08005f14   0x00000064   Code   RO         5355    i.vTaskPlaceOnEventList  tasks.o
    0x08005f78   0x08005f78   0x0000008c   Code   RO         5356    i.vTaskPlaceOnEventListRestricted  tasks.o
    0x08006004   0x08006004   0x000000c4   Code   RO         5364    i.vTaskStartScheduler  tasks.o
    0x080060c8   0x080060c8   0x00000010   Code   RO         5366    i.vTaskSuspendAll   tasks.o
    0x080060d8   0x080060d8   0x000000b8   Code   RO         5367    i.vTaskSwitchContext  tasks.o
    0x08006190   0x08006190   0x0000014c   Code   RO         6001    i.xPortStartScheduler  port.o
    0x080062dc   0x080062dc   0x00000034   Code   RO         6002    i.xPortSysTickHandler  port.o
    0x08006310   0x08006310   0x00000090   Code   RO         4910    i.xQueueGenericCreate  queue.o
    0x080063a0   0x080063a0   0x000000fc   Code   RO         4911    i.xQueueGenericReset  queue.o
    0x0800649c   0x0800649c   0x00000180   Code   RO         4920    i.xQueueReceive     queue.o
    0x0800661c   0x0800661c   0x000000cc   Code   RO         5370    i.xTaskCheckForTimeOut  tasks.o
    0x080066e8   0x080066e8   0x00000060   Code   RO         5371    i.xTaskCreate       tasks.o
    0x08006748   0x08006748   0x00000020   Code   RO         5380    i.xTaskGetSchedulerState  tasks.o
    0x08006768   0x08006768   0x0000000c   Code   RO         5381    i.xTaskGetTickCount  tasks.o
    0x08006774   0x08006774   0x000001e8   Code   RO         5383    i.xTaskIncrementTick  tasks.o
    0x0800695c   0x0800695c   0x00000110   Code   RO         5384    i.xTaskPriorityDisinherit  tasks.o
    0x08006a6c   0x08006a6c   0x0000014c   Code   RO         5386    i.xTaskRemoveFromEventList  tasks.o
    0x08006bb8   0x08006bb8   0x000001a0   Code   RO         5387    i.xTaskResumeAll    tasks.o
    0x08006d58   0x08006d58   0x00000080   Code   RO         5767    i.xTimerCreateTimerTask  timers.o
    0x08006dd8   0x08006dd8   0x00000018   Data   RO          221    .constdata          system_stm32f1xx.o
    0x08006df0   0x08006df0   0x0000000a   Data   RO          422    .constdata          freertos_demo.o
    0x08006dfa   0x08006dfa   0x000017c0   Data   RO         4334    .constdata          oled.o
    0x080085ba   0x080085ba   0x000017c0   Data   RO         4460    .constdata          oled_1.o
    0x08009d7a   0x08009d7a   0x00000002   PAD
    0x08009d7c   0x08009d7c   0x0000000c   Data   RO         4620    .constdata          malloc.o
    0x08009d88   0x08009d88   0x00000020   Data   RO         6415    Region$$Table       anon$$obj.o


    Execution Region RW_IRAM1 (Exec base: 0x20000000, Load base: 0x08009da8, Size: 0x00004250, Max: 0x00005000, ABSOLUTE, COMPRESSED[0x00000148])

    Exec Addr    Load Addr    Size         Type   Attr      Idx    E Section Name        Object

    0x20000000   COMPRESSED   0x00000004   Data   RW          222    .data               system_stm32f1xx.o
    0x20000004   COMPRESSED   0x00000014   Data   RW          423    .data               freertos_demo.o
    0x20000018   COMPRESSED   0x00000002   Data   RW          554    .data               delay.o
    0x2000001a   COMPRESSED   0x00000002   PAD
    0x2000001c   COMPRESSED   0x00000009   Data   RW          704    .data               stm32f1xx_hal.o
    0x20000025   COMPRESSED   0x00000001   Data   RW         4039    .data               adc.o
    0x20000026   COMPRESSED   0x00000008   Data   RW         4121    .data               can.o
    0x2000002e   COMPRESSED   0x00000198   Data   RW         4335    .data               oled.o
    0x200001c6   COMPRESSED   0x00000198   Data   RW         4461    .data               oled_1.o
    0x2000035e   COMPRESSED   0x00000001   Data   RW         4566    .data               rs485.o
    0x2000035f   COMPRESSED   0x00000001   PAD
    0x20000360   COMPRESSED   0x00000014   Data   RW         4621    .data               malloc.o
    0x20000374   COMPRESSED   0x00000040   Data   RW         5390    .data               tasks.o
    0x200003b4   COMPRESSED   0x00000014   Data   RW         5776    .data               timers.o
    0x200003c8   COMPRESSED   0x00000020   Data   RW         5935    .data               heap_4.o
    0x200003e8   COMPRESSED   0x0000000c   Data   RW         6003    .data               port.o
    0x200003f4   COMPRESSED   0x00000004   Data   RW         6387    .data               mc_w.l(stdout.o)
    0x200003f8        -       0x00000050   Zero   RW          421    .bss                freertos_demo.o
    0x20000448        -       0x00000118   Zero   RW         4038    .bss                adc.o
    0x20000560        -       0x0000005c   Zero   RW         4120    .bss                can.o
    0x200005bc        -       0x00000800   Zero   RW         4333    .bss                oled.o
    0x20000dbc        -       0x00000800   Zero   RW         4459    .bss                oled_1.o
    0x200015bc        -       0x00000080   Zero   RW         4565    .bss                rs485.o
    0x2000163c   COMPRESSED   0x00000004   PAD
    0x20001640        -       0x00000cc0   Zero   RW         4619    .bss                malloc.o
    0x20002300        -       0x00000040   Zero   RW         4927    .bss                queue.o
    0x20002340        -       0x000002e4   Zero   RW         5389    .bss                tasks.o
    0x20002624        -       0x00000028   Zero   RW         5775    .bss                timers.o
    0x2000264c        -       0x00001800   Zero   RW         5934    .bss                heap_4.o
    0x20003e4c   COMPRESSED   0x00000004   PAD
    0x20003e50        -       0x00000400   Zero   RW            1    STACK               startup_stm32f100xb.o


==============================================================================

Image component sizes


      Code (inc. data)   RO Data    RW Data    ZI Data      Debug   Object Name

       752         72          0          1        280       4569   adc.o
       448         32          0          8         92       3195   can.o
       196         10          0          2          0      14553   delay.o
         0          0          0          0          0      13172   event_groups.o
      2858        220         10         20         80      18168   freertos_demo.o
       848        218          0         32       6144       4071   heap_4.o
       140          8          0          0          0        895   led.o
       148          0          0          0          0       3242   list.o
        38          0          0          0          0     456119   main.o
       132         18         12         20       3264       3135   malloc.o
       478         28          0          0          0       3437   myiic.o
       494         28          0          0          0       3510   myiic_1.o
      1484         70       6080        408       2048      11035   oled.o
      1470         66       6080        408       2048       9709   oled_1.o
      1010        354          0         12          0       9656   port.o
      1574        278          0          0         64      12519   queue.o
       504         52          0          1        128       3260   rs485.o
        36          8        288          0       1024        920   startup_stm32f100xb.o
       154         32          0          9          0       5735   stm32f1xx_hal.o
      1406         56          0          0          0       8290   stm32f1xx_hal_adc.o
       260          4          0          0          0       1446   stm32f1xx_hal_adc_ex.o
      1214          0          0          0          0       5448   stm32f1xx_hal_can.o
       344         22          0          0          0      29993   stm32f1xx_hal_cortex.o
       304          4          0          0          0       2602   stm32f1xx_hal_dma.o
       848         34          0          0          0       3924   stm32f1xx_hal_gpio.o
      1784        110          0          0          0       6000   stm32f1xx_hal_rcc.o
       584         46          0          0          0       2397   stm32f1xx_hal_rcc_ex.o
       326         26          0          0          0       2530   stm32f1xx_hal_tim.o
       132         14          0          0          0       1296   stm32f1xx_hal_tim_ex.o
       902          4          0          0          0       5174   stm32f1xx_hal_uart.o
        20          0          0          0          0       2549   stm32f1xx_it.o
        86          0          0          0          0        711   sys.o
         2          0         24          4          0       1319   system_stm32f1xx.o
      3930       1024          0         64        740      33050   tasks.o
      1082        214          0         20         40      13232   timers.o

    ----------------------------------------------------------------------
     26032       3052      12528       1012      15960     700861   Object Totals
         0          0         32          0          0          0   (incl. Generated)
        44          0          2          3          8          0   (incl. Padding)

    ----------------------------------------------------------------------

      Code (inc. data)   RO Data    RW Data    ZI Data      Debug   Library Member Name

        94          0          0          0          0          0   __dclz77c.o
         0          0          0          0          0          0   entry.o
         0          0          0          0          0          0   entry10a.o
         0          0          0          0          0          0   entry11a.o
         4          0          0          0          0          0   entry12b.o
         8          4          0          0          0          0   entry2.o
         4          0          0          0          0          0   entry5.o
         0          0          0          0          0          0   entry7b.o
         0          0          0          0          0          0   entry8b.o
         8          4          0          0          0          0   entry9a.o
        18          0          0          0          0         80   fputc.o
        30          0          0          0          0          0   handlers.o
        36          8          0          0          0         68   init.o
         0          0          0          0          0          0   iusefp.o
         0          0          0          0          0          0   iusesemip.o
        30          0          0          0          0         68   llshl.o
        32          0          0          0          0         68   llushr.o
        36          0          0          0          0         68   memcpya.o
        36          0          0          0          0        108   memseta.o
       472         14          0          0          0        184   printf3.o
         0          0          0          0          0          0   semi.o
         0          0          0          4          0          0   stdout.o
        44          0          0          0          0         80   uidiv.o
        56          0          0          0          0         88   d2f.o
       186          0          0          0          0        176   depilogue.o
       228          0          0          0          0         96   dmul.o
        38          0          0          0          0         68   f2d.o
       176          0          0          0          0        140   fadd.o
       110          0          0          0          0        168   fepilogue.o
        40          0          0          0          0         68   ffixui.o
        10          0          0          0          0         68   ffltui.o
       100          0          0          0          0         76   fmul.o

    ----------------------------------------------------------------------
      1800         30          0          4          0       1672   Library Totals
         4          0          0          0          0          0   (incl. Padding)

    ----------------------------------------------------------------------

      Code (inc. data)   RO Data    RW Data    ZI Data      Debug   Library Name

       852         30          0          4          0        724   mc_w.l
       944          0          0          0          0        948   mf_w.l

    ----------------------------------------------------------------------
      1800         30          0          4          0       1672   Library Totals

    ----------------------------------------------------------------------

==============================================================================


      Code (inc. data)   RO Data    RW Data    ZI Data      Debug   

     27832       3082      12528       1016      15960     692261   Grand Totals
     27832       3082      12528        328      15960     692261   ELF Image Totals (compressed)
     27832       3082      12528        328          0          0   ROM Totals

==============================================================================

    Total RO  Size (Code + RO Data)                40360 (  39.41kB)
    Total RW  Size (RW Data + ZI Data)             16976 (  16.58kB)
    Total ROM Size (Code + RO Data + RW Data)      40688 (  39.73kB)

==============================================================================

